Component: ARM Compiler 5.06 update 5 (build 528) Tool: armlink [4d35e2]

==============================================================================

Section Cross References

    system_stm32f10x.o(i.SetSysClock) refers to system_stm32f10x.o(i.SetSysClockTo72) for SetSysClockTo72
    system_stm32f10x.o(i.SystemCoreClockUpdate) refers to system_stm32f10x.o(.data) for SystemCoreClock
    system_stm32f10x.o(i.SystemInit) refers to system_stm32f10x.o(i.SetSysClock) for SetSysClock
    main.o(i.Init_Sysdata) refers to strcpy.o(.text) for strcpy
    main.o(i.TIM2_IRQHandler) refers to stm32f10x_tim.o(i.TIM_GetITStatus) for TIM_GetITStatus
    main.o(i.TIM2_IRQHandler) refers to stm32f10x_tim.o(i.TIM_ClearITPendingBit) for TIM_ClearITPendingBit
    main.o(i.TIM2_IRQHandler) refers to main.o(.data) for F_Tim1s
    main.o(i.every_minute_task) refers to main.o(.bss) for sysdata
    main.o(i.every_second_task) refers to myiic.o(i.SHT40_Read_RHData) for SHT40_Read_RHData
    main.o(i.every_second_task) refers to oled.o(i.OLED_ShowData) for OLED_ShowData
    main.o(i.every_second_task) refers to main.o(.bss) for sysdata
    main.o(i.every_second_task) refers to main.o(.data) for humidity
    main.o(i.main) refers to _printf_percent.o(.ARM.Collect$$_printf_percent$$00000000) for _printf_percent
    main.o(i.main) refers to _printf_x.o(.ARM.Collect$$_printf_percent$$0000000C) for _printf_x
    main.o(i.main) refers to _printf_hex_int_ll_ptr.o(.text) for _printf_longlong_hex
    main.o(i.main) refers to delay.o(i.delay_init) for delay_init
    main.o(i.main) refers to timer.o(i.Timer_Init) for Timer_Init
    main.o(i.main) refers to led.o(i.LED_Init) for LED_Init
    main.o(i.main) refers to usart_1.o(i.Usart1_Init) for Usart1_Init
    main.o(i.main) refers to myiic.o(i.IIC_Init) for IIC_Init
    main.o(i.main) refers to oled.o(i.OLED_Init) for OLED_Init
    main.o(i.main) refers to myiic.o(i.IIC_Scan_Devices) for IIC_Scan_Devices
    main.o(i.main) refers to main.o(i.Init_Sysdata) for Init_Sysdata
    main.o(i.main) refers to __2printf.o(.text) for __2printf
    main.o(i.main) refers to myiic.o(i.SHT40_Read_Serial_Number) for SHT40_Read_Serial_Number
    main.o(i.main) refers to delay.o(i.delay_ms) for delay_ms
    main.o(i.main) refers to usart_1.o(i.debug_read) for debug_read
    main.o(i.main) refers to main.o(i.scheduler) for scheduler
    main.o(i.main) refers to main.o(.bss) for sysdata
    main.o(i.scheduler) refers to main.o(i.every_second_task) for every_second_task
    main.o(i.scheduler) refers to main.o(i.every_minute_task) for every_minute_task
    main.o(i.scheduler) refers to main.o(i.every_hour_task) for every_hour_task
    main.o(i.scheduler) refers to main.o(.data) for F_Tim1s
    weather_codes.o(i.get_weather_description) refers to weather_codes.o(.data) for weather_codes
    weather_codes.o(.data) refers to weather_codes.o(.conststring) for .conststring
    led.o(i.LED_Init) refers to stm32f10x_rcc.o(i.RCC_APB2PeriphClockCmd) for RCC_APB2PeriphClockCmd
    led.o(i.LED_Init) refers to stm32f10x_gpio.o(i.GPIO_PinRemapConfig) for GPIO_PinRemapConfig
    led.o(i.LED_Init) refers to stm32f10x_gpio.o(i.GPIO_Init) for GPIO_Init
    led.o(i.LED_Init) refers to stm32f10x_gpio.o(i.GPIO_SetBits) for GPIO_SetBits
    lcd_init.o(i.LCD_Address_Set) refers to lcd_init.o(i.LCD_WR_REG) for LCD_WR_REG
    lcd_init.o(i.LCD_Address_Set) refers to lcd_init.o(i.LCD_WR_DATA) for LCD_WR_DATA
    lcd_init.o(i.LCD_GPIO_Init) refers to stm32f10x_rcc.o(i.RCC_APB2PeriphClockCmd) for RCC_APB2PeriphClockCmd
    lcd_init.o(i.LCD_GPIO_Init) refers to stm32f10x_gpio.o(i.GPIO_Init) for GPIO_Init
    lcd_init.o(i.LCD_GPIO_Init) refers to stm32f10x_gpio.o(i.GPIO_SetBits) for GPIO_SetBits
    lcd_init.o(i.LCD_Init) refers to lcd_init.o(i.LCD_GPIO_Init) for LCD_GPIO_Init
    lcd_init.o(i.LCD_Init) refers to stm32f10x_gpio.o(i.GPIO_ResetBits) for GPIO_ResetBits
    lcd_init.o(i.LCD_Init) refers to delay.o(i.delay_ms) for delay_ms
    lcd_init.o(i.LCD_Init) refers to stm32f10x_gpio.o(i.GPIO_SetBits) for GPIO_SetBits
    lcd_init.o(i.LCD_Init) refers to lcd_init.o(i.LCD_WR_REG) for LCD_WR_REG
    lcd_init.o(i.LCD_Init) refers to lcd_init.o(i.LCD_WR_DATA8) for LCD_WR_DATA8
    lcd_init.o(i.LCD_WR_DATA) refers to lcd_init.o(i.LCD_Writ_Bus) for LCD_Writ_Bus
    lcd_init.o(i.LCD_WR_DATA8) refers to lcd_init.o(i.LCD_Writ_Bus) for LCD_Writ_Bus
    lcd_init.o(i.LCD_WR_REG) refers to stm32f10x_gpio.o(i.GPIO_ResetBits) for GPIO_ResetBits
    lcd_init.o(i.LCD_WR_REG) refers to lcd_init.o(i.LCD_Writ_Bus) for LCD_Writ_Bus
    lcd_init.o(i.LCD_WR_REG) refers to stm32f10x_gpio.o(i.GPIO_SetBits) for GPIO_SetBits
    lcd_init.o(i.LCD_Writ_Bus) refers to stm32f10x_gpio.o(i.GPIO_ResetBits) for GPIO_ResetBits
    lcd_init.o(i.LCD_Writ_Bus) refers to stm32f10x_gpio.o(i.GPIO_SetBits) for GPIO_SetBits
    lcd.o(i.Draw_Circle) refers to lcd.o(i.LCD_DrawPoint) for LCD_DrawPoint
    lcd.o(i.LCD_DrawLine) refers to lcd.o(i.LCD_DrawPoint) for LCD_DrawPoint
[...]
    .data                                    0x2000018a   Section        4  delay.o(.data)
    fac_us                                   0x2000018a   Data           1  delay.o(.data)
    fac_ms                                   0x2000018c   Data           2  delay.o(.data)
    .bss                                     0x20000190   Section       60  main.o(.bss)
    .bss                                     0x200001cc   Section      520  usart_1.o(.bss)
    .bss                                     0x200003d4   Section       64  consoled.o(.bss)
    .bss                                     0x20000414   Section       44  localtime.o(.bss)
    _tms                                     0x20000414   Data          44  localtime.o(.bss)
    .bss                                     0x20000440   Section       96  libspace.o(.bss)
    HEAP                                     0x200004a0   Section      512  startup_stm32f10x_md.o(HEAP)
    Heap_Mem                                 0x200004a0   Data         512  startup_stm32f10x_md.o(HEAP)
    STACK                                    0x200006a0   Section     1024  startup_stm32f10x_md.o(STACK)
    Stack_Mem                                0x200006a0   Data        1024  startup_stm32f10x_md.o(STACK)
    __initial_sp                             0x20000aa0   Data           0  startup_stm32f10x_md.o(STACK)

    Global Symbols

    Symbol Name                              Value     Ov Type        Size  Object(Section)

    BuildAttributes$$THM_ISAv4$P$D$K$B$S$PE$A:L22UL41UL21$X:L11$S22US41US21$IEEE1$IW$USESV6$~STKCKD$USESV7$~SHL$OTIME$ROPI$IEEEX$EBA8$UX$STANDARDLIB$REQ8$PRES8$EABIv2 0x00000000   Number         0  anon$$obj.o ABSOLUTE
    __ARM_use_no_argv                        0x00000000   Number         0  main.o ABSOLUTE
    _printf_flags                            0x00000000   Number         0  printf_stubs.o ABSOLUTE
    _printf_return_value                     0x00000000   Number         0  printf_stubs.o ABSOLUTE
    _printf_sizespec                         0x00000000   Number         0  printf_stubs.o ABSOLUTE
    _printf_widthprec                        0x00000000   Number         0  printf_stubs.o ABSOLUTE
    __ARM_exceptions_init                     - Undefined Weak Reference
    __alloca_initialize                       - Undefined Weak Reference
    __arm_preinit_                            - Undefined Weak Reference
    __cpp_initialize__aeabi_                  - Undefined Weak Reference
    __cxa_finalize                            - Undefined Weak Reference
    __sigvec_lookup                           - Undefined Weak Reference
    _atexit_init                              - Undefined Weak Reference
    _call_atexit_fns                          - Undefined Weak Reference
    _clock_init                               - Undefined Weak Reference
    _fp_trap_init                             - Undefined Weak Reference
    _fp_trap_shutdown                         - Undefined Weak Reference
    _get_lc_collate                           - Undefined Weak Reference
    _get_lc_monetary                          - Undefined Weak Reference
    _getenv_init                              - Undefined Weak Reference
    _handle_redirection                       - Undefined Weak Reference
    _init_alloc                               - Undefined Weak Reference
    _init_user_alloc                          - Undefined Weak Reference
    _initio                                   - Undefined Weak Reference
    _mutex_acquire                            - Undefined Weak Reference
    _mutex_release                            - Undefined Weak Reference
    _printf_mbtowc                            - Undefined Weak Reference
    _printf_wc                                - Undefined Weak Reference
    _rand_init                                - Undefined Weak Reference
    _scanf_longlong                           - Undefined Weak Reference
    _scanf_mbtowc                             - Undefined Weak Reference
    _scanf_wctomb                             - Undefined Weak Reference
    _scanf_wstring                            - Undefined Weak Reference
    _signal_finish                            - Undefined Weak Reference
    _signal_init                              - Undefined Weak Reference
    _terminate_alloc                          - Undefined Weak Reference
    _terminate_user_alloc                     - Undefined Weak Reference
    _terminateio                              - Undefined Weak Reference
    __Vectors_Size                           0x000000ec   Number         0  startup_stm32f10x_md.o ABSOLUTE
    __Vectors                                0x08000000   Data           4  startup_stm32f10x_md.o(RESET)
    __Vectors_End                            0x080000ec   Data           0  startup_stm32f10x_md.o(RESET)
    __main                                   0x080000ed   Thumb Code     8  __main.o(!!!main)
    __scatterload                            0x080000f5   Thumb Code     0  __scatter.o(!!!scatter)
    __scatterload_rt2                        0x080000f5   Thumb Code    44  __scatter.o(!!!scatter)
    __scatterload_rt2_thumb_only             0x080000f5   Thumb Code     0  __scatter.o(!!!scatter)
    __scatterload_null                       0x08000103   Thumb Code     0  __scatter.o(!!!scatter)
    __decompress                             0x08000129   Thumb Code    90  __dczerorl2.o(!!dczerorl2)
    __decompress1                            0x08000129   Thumb Code     0  __dczerorl2.o(!!dczerorl2)
    __scatterload_zeroinit                   0x08000185   Thumb Code    28  __scatter_zi.o(!!handler_zi)
    _printf_n                                0x080001a1   Thumb Code     0  _printf_n.o(.ARM.Collect$$_printf_percent$$00000001)
    _printf_percent                          0x080001a1   Thumb Code     0  _printf_percent.o(.ARM.Collect$$_printf_percent$$00000000)
    _printf_p                                0x080001a7   Thumb Code     0  _printf_p.o(.ARM.Collect$$_printf_percent$$00000002)
    _printf_f                                0x080001ad   Thumb Code     0  _printf_f.o(.ARM.Collect$$_printf_percent$$00000003)
    _printf_e                                0x080001b3   Thumb Code     0  _printf_e.o(.ARM.Collect$$_printf_percent$$00000004)
    _printf_g                                0x080001b9   Thumb Code     0  _printf_g.o(.ARM.Collect$$_printf_percent$$00000005)
    _printf_a                                0x080001bf   Thumb Code     0  _printf_a.o(.ARM.Collect$$_printf_percent$$00000006)
    _printf_ll                               0x080001c5   Thumb Code     0  _printf_ll.o(.ARM.Collect$$_printf_percent$$00000007)
    _printf_i                                0x080001cf   Thumb Code     0  _printf_i.o(.ARM.Collect$$_printf_percent$$00000008)
    _printf_d                                0x080001d5   Thumb Code     0  _printf_d.o(.ARM.Collect$$_printf_percent$$00000009)
    _printf_u                                0x080001db   Thumb Code     0  _printf_u.o(.ARM.Collect$$_printf_percent$$0000000A)
    _printf_o                                0x080001e1   Thumb Code     0  _printf_o.o(.ARM.Collect$$_printf_percent$$0000000B)
    _printf_x                                0x080001e7   Thumb Code     0  _printf_x.o(.ARM.Collect$$_printf_percent$$0000000C)
    _printf_lli                              0x080001ed   Thumb Code     0  _printf_lli.o(.ARM.Collect$$_printf_percent$$0000000D)
    _printf_lld                              0x080001f3   Thumb Code     0  _printf_lld.o(.ARM.Collect$$_printf_percent$$0000000E)
    _printf_llu                              0x080001f9   Thumb Code     0  _printf_llu.o(.ARM.Collect$$_printf_percent$$0000000F)
    _printf_llo                              0x080001ff   Thumb Code     0  _printf_llo.o(.ARM.Collect$$_printf_percent$$00000010)
    _printf_llx                              0x08000205   Thumb Code     0  _printf_llx.o(.ARM.Collect$$_printf_percent$$00000011)
    _printf_l                                0x0800020b   Thumb Code     0  _printf_l.o(.ARM.Collect$$_printf_percent$$00000012)
    _printf_c                                0x08000215   Thumb Code     0  _printf_c.o(.ARM.Collect$$_printf_percent$$00000013)
    _printf_s                                0x0800021b   Thumb Code     0  _printf_s.o(.ARM.Collect$$_printf_percent$$00000014)
    _printf_lc                               0x08000221   Thumb Code     0  _printf_lc.o(.ARM.Collect$$_printf_percent$$00000015)
    _printf_ls                               0x08000227   Thumb Code     0  _printf_ls.o(.ARM.Collect$$_printf_percent$$00000016)
    _printf_percent_end                      0x0800022d   Thumb Code     0  _printf_percent_end.o(.ARM.Collect$$_printf_percent$$00000017)
    __rt_lib_init                            0x08000231   Thumb Code     0  libinit.o(.ARM.Collect$$libinit$$00000000)
    __rt_lib_init_fp_1                       0x08000233   Thumb Code     0  libinit2.o(.ARM.Collect$$libinit$$00000002)
    __rt_lib_init_heap_1                     0x08000233   Thumb Code     0  libinit2.o(.ARM.Collect$$libinit$$0000000A)
    __rt_lib_init_lc_common                  0x08000233   Thumb Code     0  libinit2.o(.ARM.Collect$$libinit$$0000000F)
    __rt_lib_init_preinit_1                  0x08000233   Thumb Code     0  libinit2.o(.ARM.Collect$$libinit$$00000004)
    __rt_lib_init_rand_1                     0x08000233   Thumb Code     0  libinit2.o(.ARM.Collect$$libinit$$0000000E)
    __rt_lib_init_user_alloc_1               0x08000233   Thumb Code     0  libinit2.o(.ARM.Collect$$libinit$$0000000C)
    __rt_lib_init_lc_collate_1               0x08000239   Thumb Code     0  libinit2.o(.ARM.Collect$$libinit$$00000011)
    __rt_lib_init_lc_ctype_2                 0x08000239   Thumb Code     0  libinit2.o(.ARM.Collect$$libinit$$00000012)
    __rt_lib_init_lc_ctype_1                 0x08000245   Thumb Code     0  libinit2.o(.ARM.Collect$$libinit$$00000013)
    __rt_lib_init_lc_monetary_1              0x08000245   Thumb Code     0  libinit2.o(.ARM.Collect$$libinit$$00000015)
    __rt_lib_init_lc_numeric_2               0x08000245   Thumb Code     0  libinit2.o(.ARM.Collect$$libinit$$00000016)
    __rt_lib_init_lc_numeric_1               0x0800024f   Thumb Code     0  libinit2.o(.ARM.Collect$$libinit$$00000017)
    __rt_lib_init_lc_time_2                  0x0800024f   Thumb Code     0  libinit2.o(.ARM.Collect$$libinit$$00000018)
    __rt_lib_init_alloca_1                   0x08000259   Thumb Code     0  libinit2.o(.ARM.Collect$$libinit$$0000002E)
    __rt_lib_init_argv_1                     0x08000259   Thumb Code     0  libinit2.o(.ARM.Collect$$libinit$$0000002C)
    __rt_lib_init_atexit_1                   0x08000259   Thumb Code     0  libinit2.o(.ARM.Collect$$libinit$$0000001B)
    __rt_lib_init_clock_1                    0x08000259   Thumb Code     0  libinit2.o(.ARM.Collect$$libinit$$00000021)
    __rt_lib_init_cpp_1                      0x08000259   Thumb Code     0  libinit2.o(.ARM.Collect$$libinit$$00000032)
    __rt_lib_init_exceptions_1               0x08000259   Thumb Code     0  libinit2.o(.ARM.Collect$$libinit$$00000030)
    __rt_lib_init_fp_trap_1                  0x08000259   Thumb Code     0  libinit2.o(.ARM.Collect$$libinit$$0000001F)
    __rt_lib_init_getenv_1                   0x08000259   Thumb Code     0  libinit2.o(.ARM.Collect$$libinit$$00000023)
    __rt_lib_init_lc_time_1                  0x08000259   Thumb Code     0  libinit2.o(.ARM.Collect$$libinit$$00000019)
    __rt_lib_init_return                     0x08000259   Thumb Code     0  libinit2.o(.ARM.Collect$$libinit$$00000033)
    __rt_lib_init_signal_1                   0x08000259   Thumb Code     0  libinit2.o(.ARM.Collect$$libinit$$0000001D)
    __rt_lib_init_stdio_1                    0x08000259   Thumb Code     0  libinit2.o(.ARM.Collect$$libinit$$00000025)
    __rt_lib_shutdown                        0x0800025b   Thumb Code     0  libshutdown.o(.ARM.Collect$$libshutdown$$00000000)
    __rt_lib_shutdown_cpp_1                  0x0800025d   Thumb Code     0  libshutdown2.o(.ARM.Collect$$libshutdown$$00000002)
    __rt_lib_shutdown_fp_trap_1              0x0800025d   Thumb Code     0  libshutdown2.o(.ARM.Collect$$libshutdown$$00000007)
    __rt_lib_shutdown_heap_1                 0x0800025d   Thumb Code     0  libshutdown2.o(.ARM.Collect$$libshutdown$$0000000F)
    __rt_lib_shutdown_return                 0x0800025d   Thumb Code     0  libshutdown2.o(.ARM.Collect$$libshutdown$$00000010)
    __rt_lib_shutdown_signal_1               0x0800025d   Thumb Code     0  libshutdown2.o(.ARM.Collect$$libshutdown$$0000000A)
    __rt_lib_shutdown_stdio_1                0x0800025d   Thumb Code     0  libshutdown2.o(.ARM.Collect$$libshutdown$$00000004)
    __rt_lib_shutdown_user_alloc_1           0x0800025d   Thumb Code     0  libshutdown2.o(.ARM.Collect$$libshutdown$$0000000C)
    __rt_entry                               0x0800025f   Thumb Code     0  __rtentry.o(.ARM.Collect$$rtentry$$00000000)
    __rt_entry_presh_1                       0x0800025f   Thumb Code     0  __rtentry2.o(.ARM.Collect$$rtentry$$00000002)
    __rt_entry_sh                            0x0800025f   Thumb Code     0  __rtentry4.o(.ARM.Collect$$rtentry$$00000004)
    __rt_entry_li                            0x08000265   Thumb Code     0  __rtentry2.o(.ARM.Collect$$rtentry$$0000000A)
    __rt_entry_postsh_1                      0x08000265   Thumb Code     0  __rtentry2.o(.ARM.Collect$$rtentry$$00000009)
    __rt_entry_main                          0x08000269   Thumb Code     0  __rtentry2.o(.ARM.Collect$$rtentry$$0000000D)
    __rt_entry_postli_1                      0x08000269   Thumb Code     0  __rtentry2.o(.ARM.Collect$$rtentry$$0000000C)
    __rt_exit                                0x08000271   Thumb Code     0  rtexit.o(.ARM.Collect$$rtexit$$00000000)
    __rt_exit_ls                             0x08000273   Thumb Code     0  rtexit2.o(.ARM.Collect$$rtexit$$00000003)
    __rt_exit_prels_1                        0x08000273   Thumb Code     0  rtexit2.o(.ARM.Collect$$rtexit$$00000002)
    __rt_exit_exit                           0x08000277   Thumb Code     0  rtexit2.o(.ARM.Collect$$rtexit$$00000004)
    Reset_Handler                            0x0800027d   Thumb Code     8  startup_stm32f10x_md.o(.text)
    ADC1_2_IRQHandler                        0x08000297   Thumb Code     0  startup_stm32f10x_md.o(.text)
    CAN1_RX1_IRQHandler                      0x08000297   Thumb Code     0  startup_stm32f10x_md.o(.text)
    CAN1_SCE_IRQHandler                      0x08000297   Thumb Code     0  startup_stm32f10x_md.o(.text)
    DMA1_Channel1_IRQHandler                 0x08000297   Thumb Code     0  startup_stm32f10x_md.o(.text)
    DMA1_Channel2_IRQHandler                 0x08000297   Thumb Code     0  startup_stm32f10x_md.o(.text)
    DMA1_Channel3_IRQHandler                 0x08000297   Thumb Code     0  startup_stm32f10x_md.o(.text)
    DMA1_Channel4_IRQHandler                 0x08000297   Thumb Code     0  startup_stm32f10x_md.o(.text)
    DMA1_Channel5_IRQHandler                 0x08000297   Thumb Code     0  startup_stm32f10x_md.o(.text)
    DMA1_Channel6_IRQHandler                 0x08000297   Thumb Code     0  startup_stm32f10x_md.o(.text)
    DMA1_Channel7_IRQHandler                 0x08000297   Thumb Code     0  startup_stm32f10x_md.o(.text)
    EXTI0_IRQHandler                         0x08000297   Thumb Code     0  startup_stm32f10x_md.o(.text)
    EXTI15_10_IRQHandler                     0x08000297   Thumb Code     0  startup_stm32f10x_md.o(.text)
    EXTI1_IRQHandler                         0x08000297   Thumb Code     0  startup_stm32f10x_md.o(.text)
    EXTI2_IRQHandler                         0x08000297   Thumb Code     0  startup_stm32f10x_md.o(.text)
    EXTI3_IRQHandler                         0x08000297   Thumb Code     0  startup_stm32f10x_md.o(.text)
    EXTI4_IRQHandler                         0x08000297   Thumb Code     0  startup_stm32f10x_md.o(.text)
    EXTI9_5_IRQHandler                       0x08000297   Thumb Code     0  startup_stm32f10x_md.o(.text)
    FLASH_IRQHandler                         0x08000297   Thumb Code     0  startup_stm32f10x_md.o(.text)
    I2C1_ER_IRQHandler                       0x08000297   Thumb Code     0  startup_stm32f10x_md.o(.text)
    I2C1_EV_IRQHandler                       0x08000297   Thumb Code     0  startup_stm32f10x_md.o(.text)
    I2C2_ER_IRQHandler                       0x08000297   Thumb Code     0  startup_stm32f10x_md.o(.text)
    I2C2_EV_IRQHandler                       0x08000297   Thumb Code     0  startup_stm32f10x_md.o(.text)
    PVD_IRQHandler                           0x08000297   Thumb Code     0  startup_stm32f10x_md.o(.text)
    RCC_IRQHandler                           0x08000297   Thumb Code     0  startup_stm32f10x_md.o(.text)
    RTCAlarm_IRQHandler                      0x08000297   Thumb Code     0  startup_stm32f10x_md.o(.text)
    RTC_IRQHandler                           0x08000297   Thumb Code     0  startup_stm32f10x_md.o(.text)
    SPI1_IRQHandler                          0x08000297   Thumb Code     0  startup_stm32f10x_md.o(.text)
    SPI2_IRQHandler                          0x08000297   Thumb Code     0  startup_stm32f10x_md.o(.text)
    TAMPER_IRQHandler                        0x08000297   Thumb Code     0  startup_stm32f10x_md.o(.text)
    TIM1_BRK_IRQHandler                      0x08000297   Thumb Code     0  startup_stm32f10x_md.o(.text)
    TIM1_CC_IRQHandler                       0x08000297   Thumb Code     0  startup_stm32f10x_md.o(.text)
    TIM1_TRG_COM_IRQHandler                  0x08000297   Thumb Code     0  startup_stm32f10x_md.o(.text)
    TIM1_UP_IRQHandler                       0x08000297   Thumb Code     0  startup_stm32f10x_md.o(.text)
    TIM3_IRQHandler                          0x08000297   Thumb Code     0  startup_stm32f10x_md.o(.text)
    TIM4_IRQHandler                          0x08000297   Thumb Code     0  startup_stm32f10x_md.o(.text)
    USART2_IRQHandler                        0x08000297   Thumb Code     0  startup_stm32f10x_md.o(.text)
    USART3_IRQHandler                        0x08000297   Thumb Code     0  startup_stm32f10x_md.o(.text)
    USBWakeUp_IRQHandler                     0x08000297   Thumb Code     0  startup_stm32f10x_md.o(.text)
    USB_HP_CAN1_TX_IRQHandler                0x08000297   Thumb Code     0  startup_stm32f10x_md.o(.text)
    USB_LP_CAN1_RX0_IRQHandler               0x08000297   Thumb Code     0  startup_stm32f10x_md.o(.text)
    WWDG_IRQHandler                          0x08000297   Thumb Code     0  startup_stm32f10x_md.o(.text)
    __user_initial_stackheap                 0x08000299   Thumb Code     0  startup_stm32f10x_md.o(.text)
    __use_no_semihosting                     0x080002bd   Thumb Code     2  use_no_semi_2.o(.text)
    __2printf                                0x080002c1   Thumb Code    20  __2printf.o(.text)
    __2sprintf                               0x080002d9   Thumb Code    38  __2sprintf.o(.text)
    _printf_pre_padding                      0x08000305   Thumb Code    44  _printf_pad.o(.text)
    _printf_post_padding                     0x08000331   Thumb Code    34  _printf_pad.o(.text)
    _printf_str                              0x08000353   Thumb Code    82  _printf_str.o(.text)
    _printf_int_dec                          0x080003a5   Thumb Code   104  _printf_dec.o(.text)
    _printf_longlong_hex                     0x0800041d   Thumb Code    86  _printf_hex_int_ll_ptr.o(.text)
    _printf_int_hex                          0x08000473   Thumb Code    28  _printf_hex_int_ll_ptr.o(.text)
    _printf_ll_hex                           0x0800048f   Thumb Code    12  _printf_hex_int_ll_ptr.o(.text)
    _printf_hex_ptr                          0x0800049b   Thumb Code    18  _printf_hex_int_ll_ptr.o(.text)
    __printf                                 0x080004b1   Thumb Code   388  __printf_flags_ss_wp.o(.text)
    __0sscanf                                0x08000639   Thumb Code    52  __0sscanf.o(.text)
    _scanf_int                               0x08000675   Thumb Code   332  _scanf_int.o(.text)
    _scanf_string                            0x080007c1   Thumb Code   224  _scanf_str.o(.text)
    strstr                                   0x080008a1   Thumb Code    36  strstr.o(.text)
    strcpy                                   0x080008c5   Thumb Code    72  strcpy.o(.text)
    strlen                                   0x0800090d   Thumb Code    62  strlen.o(.text)
    strncmp                                  0x0800094b   Thumb Code   150  strncmp.o(.text)
    __aeabi_memclr                           0x080009e1   Thumb Code     0  rt_memclr.o(.text)
    __rt_memclr                              0x080009e1   Thumb Code    68  rt_memclr.o(.text)
    _memset                                  0x080009e5   Thumb Code     0  rt_memclr.o(.text)
    __aeabi_memclr4                          0x08000a25   Thumb Code     0  rt_memclr_w.o(.text)
    __aeabi_memclr8                          0x08000a25   Thumb Code     0  rt_memclr_w.o(.text)
    __rt_memclr_w                            0x08000a25   Thumb Code    78  rt_memclr_w.o(.text)
    _memset_w                                0x08000a29   Thumb Code     0  rt_memclr_w.o(.text)
    strncpy                                  0x08000a73   Thumb Code    86  strncpy.o(.text)
    localtime                                0x08000ac9   Thumb Code     6  localtime.o(.text)
    strftime                                 0x08000b15   Thumb Code   634  strftime.o(.text)
    __use_two_region_memory                  0x08000e35   Thumb Code     2  heapauxi.o(.text)
    __rt_heap_escrow$2region                 0x08000e37   Thumb Code     2  heapauxi.o(.text)
    __rt_heap_expand$2region                 0x08000e39   Thumb Code     2  heapauxi.o(.text)
    __I$use$semihosting                      0x08000e3b   Thumb Code     0  use_no_semi.o(.text)
    __use_no_semihosting_swi                 0x08000e3b   Thumb Code     2  use_no_semi.o(.text)
    __rt_locale                              0x08000e3d   Thumb Code     8  rt_locale_intlibspace.o(.text)
    sprintf                                  0x08000e45   Thumb Code    38  sprintf.o(.text)
    _printf_int_common                       0x08000e71   Thumb Code   178  _printf_intcommon.o(.text)
    __lib_sel_fp_printf                      0x08000f23   Thumb Code     2  _printf_fp_dec.o(.text)
    _printf_fp_dec_real                      0x080010d5   Thumb Code   620  _printf_fp_dec.o(.text)
    _printf_char_common                      0x0800134b   Thumb Code    32  _printf_char_common.o(.text)
    _sputc                                   0x08001371   Thumb Code    10  _sputc.o(.text)
    _printf_cs_common                        0x0800137b   Thumb Code    20  _printf_char.o(.text)
    _printf_char                             0x0800138f   Thumb Code    16  _printf_char.o(.text)
    _printf_string                           0x0800139f   Thumb Code     8  _printf_char.o(.text)
    _printf_char_file                        0x080013a9   Thumb Code    32  _printf_char_file.o(.text)
    _chval                                   0x080013cd   Thumb Code    28  _chval.o(.text)
    _scanf_really_real                       0x08001635   Thumb Code   684  scanf_fp.o(.text)
    __vfscanf_char                           0x080018ed   Thumb Code    24  scanf_char.o(.text)
    _sgetc                                   0x0800190d   Thumb Code    30  _sgetc.o(.text)
    _sbackspace                              0x0800192b   Thumb Code    34  _sgetc.o(.text)
    _localtime_r                             0x0800194d   Thumb Code   178  localtime_internal.o(.text)
    _n$localtime_r                           0x0800194d   Thumb Code     0  localtime_internal.o(.text)
    __user_libspace                          0x08001a05   Thumb Code     8  libspace.o(.text)
    __user_perproc_libspace                  0x08001a05   Thumb Code     0  libspace.o(.text)
    __user_perthread_libspace                0x08001a05   Thumb Code     0  libspace.o(.text)
    __aeabi_errno_addr                       0x08001a0d   Thumb Code     8  rt_errno_addr_intlibspace.o(.text)
    __errno$intlibspace                      0x08001a0d   Thumb Code     0  rt_errno_addr_intlibspace.o(.text)
    __rt_errno_addr$intlibspace              0x08001a0d   Thumb Code     0  rt_errno_addr_intlibspace.o(.text)
    _ll_udiv10                               0x08001a15   Thumb Code   138  lludiv10.o(.text)
    isspace                                  0x08001a9f   Thumb Code    18  isspace.o(.text)
    _printf_truncate_signed                  0x08001ab1   Thumb Code    18  _printf_truncate.o(.text)
    _printf_truncate_unsigned                0x08001ac3   Thumb Code    18  _printf_truncate.o(.text)
    _printf_charcount                        0x08001ad5   Thumb Code    40  _printf_charcount.o(.text)
    _printf_fp_infnan                        0x08001afd   Thumb Code   112  _printf_fp_infnan.o(.text)
    _printf_wctomb                           0x08001b7d   Thumb Code   182  _printf_wctomb.o(.text)
    _printf_longlong_dec                     0x08001c39   Thumb Code   108  _printf_longlong_dec.o(.text)
    _printf_longlong_oct                     0x08001cb5   Thumb Code    66  _printf_oct_int_ll.o(.text)
    _printf_int_oct                          0x08001cf7   Thumb Code    24  _printf_oct_int_ll.o(.text)
    _printf_ll_oct                           0x08001d0f   Thumb Code    12  _printf_oct_int_ll.o(.text)
    __vfscanf                                0x08001d25   Thumb Code   878  _scanf.o(.text)
    _btod_etento                             0x08002099   Thumb Code   224  bigflt0.o(.text)
    ferror                                   0x0800217d   Thumb Code     8  ferror.o(.text)
    strcmp                                   0x08002185   Thumb Code   128  strcmpv7m.o(.text)
    __user_setup_stackheap                   0x08002205   Thumb Code    74  sys_stackheap_outer.o(.text)
    __rt_ctype_table                         0x08002251   Thumb Code    16  rt_ctype_table.o(.text)
    __read_errno                             0x08002261   Thumb Code    10  _rserrno.o(.text)
    __set_errno                              0x0800226b   Thumb Code    12  _rserrno.o(.text)
    _printf_fp_hex_real                      0x08002279   Thumb Code   756  _printf_fp_hex.o(.text)
    _printf_lcs_common                       0x08002575   Thumb Code    20  _printf_wchar.o(.text)
    _printf_wchar                            0x08002589   Thumb Code    16  _printf_wchar.o(.text)
    _printf_wstring                          0x08002599   Thumb Code     8  _printf_wchar.o(.text)
    _scanf_really_hex_real                   0x080025a1   Thumb Code   786  scanf_hexfp.o(.text)
    _scanf_really_infnan                     0x080028c1   Thumb Code   292  scanf_infnan.o(.text)
    _wcrtomb                                 0x080029f5   Thumb Code    64  _wcrtomb.o(.text)
    exit                                     0x08002a35   Thumb Code    18  exit.o(.text)
    __aeabi_llsl                             0x08002a47   Thumb Code     0  llshl.o(.text)
    _ll_shift_l                              0x08002a47   Thumb Code    38  llshl.o(.text)
    _btod_d2e                                0x08002a6d   Thumb Code    62  btod.o(CL$$btod_d2e)
    _d2e_denorm_low                          0x08002aab   Thumb Code    70  btod.o(CL$$btod_d2e_denorm_low)
    _d2e_norm_op1                            0x08002af1   Thumb Code    96  btod.o(CL$$btod_d2e_norm_op1)
    __btod_div_common                        0x08002b51   Thumb Code   696  btod.o(CL$$btod_div_common)
    _e2d                                     0x08002e89   Thumb Code   122  btod.o(CL$$btod_e2d)
    _e2e                                     0x08002f0d   Thumb Code   220  btod.o(CL$$btod_e2e)
    _btod_ediv                               0x08002fe9   Thumb Code    42  btod.o(CL$$btod_ediv)
    _btod_edivd                              0x08003013   Thumb Code    42  btod.o(CL$$btod_edivd)
    _btod_emul                               0x0800303d   Thumb Code    42  btod.o(CL$$btod_emul)
    _btod_emuld                              0x08003067   Thumb Code    42  btod.o(CL$$btod_emuld)
    __btod_mult_common                       0x08003091   Thumb Code   580  btod.o(CL$$btod_mult_common)
    BusFault_Handler                         0x080032d5   Thumb Code     4  stm32f10x_it.o(i.BusFault_Handler)
    DebugMon_Handler                         0x080032d9   Thumb Code     2  stm32f10x_it.o(i.DebugMon_Handler)
    GPIO_Init                                0x080032db   Thumb Code   278  stm32f10x_gpio.o(i.GPIO_Init)
    GPIO_PinRemapConfig                      0x080033f1   Thumb Code   138  stm32f10x_gpio.o(i.GPIO_PinRemapConfig)
    GPIO_SetBits                             0x08003481   Thumb Code     4  stm32f10x_gpio.o(i.GPIO_SetBits)
    GPIO_WriteBit                            0x08003485   Thumb Code    10  stm32f10x_gpio.o(i.GPIO_WriteBit)
    HardFault_Handler                        0x0800348f   Thumb Code     4  stm32f10x_it.o(i.HardFault_Handler)
    IIC_Ack                                  0x08003495   Thumb Code    66  myiic.o(i.IIC_Ack)
    IIC_Init                                 0x080034e5   Thumb Code    50  myiic.o(i.IIC_Init)
    IIC_NAck                                 0x0800351d   Thumb Code    66  myiic.o(i.IIC_NAck)
    IIC_Read_Byte                            0x0800356d   Thumb Code    98  myiic.o(i.IIC_Read_Byte)
    IIC_Scan_Devices                         0x080035dd   Thumb Code    94  myiic.o(i.IIC_Scan_Devices)
    IIC_Send_Byte                            0x08003655   Thumb Code    90  myiic.o(i.IIC_Send_Byte)
    IIC_Start                                0x080036bd   Thumb Code    64  myiic.o(i.IIC_Start)
    IIC_Stop                                 0x08003709   Thumb Code    62  myiic.o(i.IIC_Stop)
    IIC_Wait_Ack                             0x08003755   Thumb Code    86  myiic.o(i.IIC_Wait_Ack)
    Init_Sysdata                             0x080037b9   Thumb Code    54  main.o(i.Init_Sysdata)
    LED_Init                                 0x08003809   Thumb Code    58  led.o(i.LED_Init)
    MemManage_Handler                        0x0800384d   Thumb Code     4  stm32f10x_it.o(i.MemManage_Handler)
    NMI_Handler                              0x08003851   Thumb Code     2  stm32f10x_it.o(i.NMI_Handler)
    NVIC_Init                                0x08003855   Thumb Code   100  misc.o(i.NVIC_Init)
    NVIC_PriorityGroupConfig                 0x080038c5   Thumb Code    10  misc.o(i.NVIC_PriorityGroupConfig)
    OLED_Clear                               0x080038d9   Thumb Code    42  oled.o(i.OLED_Clear)
    OLED_I2C_Init                            0x08003905   Thumb Code    72  oled.o(i.OLED_I2C_Init)
    OLED_I2C_SendByte                        0x08003951   Thumb Code    74  oled.o(i.OLED_I2C_SendByte)
    OLED_I2C_Start                           0x080039a1   Thumb Code    44  oled.o(i.OLED_I2C_Start)
    OLED_I2C_Stop                            0x080039d1   Thumb Code    34  oled.o(i.OLED_I2C_Stop)
    OLED_Init                                0x080039f9   Thumb Code   174  oled.o(i.OLED_Init)
    OLED_Print                               0x08003aa9   Thumb Code   200  oled.o(i.OLED_Print)
    OLED_Print_char                          0x08003b75   Thumb Code   102  oled.o(i.OLED_Print_char)
    OLED_SetCursor                           0x08003be1   Thumb Code    34  oled.o(i.OLED_SetCursor)
    OLED_ShowChar                            0x08003c05   Thumb Code   110  oled.o(i.OLED_ShowChar)
    OLED_ShowData                            0x08003c79   Thumb Code   174  oled.o(i.OLED_ShowData)
    OLED_ShowString                          0x08003d51   Thumb Code    40  oled.o(i.OLED_ShowString)
    OLED_WriteCommand                        0x08003d79   Thumb Code    32  oled.o(i.OLED_WriteCommand)
    OLED_WriteData                           0x08003d99   Thumb Code    32  oled.o(i.OLED_WriteData)
    PendSV_Handler                           0x08003db9   Thumb Code     2  stm32f10x_it.o(i.PendSV_Handler)
    RCC_APB1PeriphClockCmd                   0x08003dbd   Thumb Code    26  stm32f10x_rcc.o(i.RCC_APB1PeriphClockCmd)
    RCC_APB2PeriphClockCmd                   0x08003ddd   Thumb Code    26  stm32f10x_rcc.o(i.RCC_APB2PeriphClockCmd)
    RCC_GetClocksFreq                        0x08003dfd   Thumb Code   192  stm32f10x_rcc.o(i.RCC_GetClocksFreq)
    SHT40_Read_RHData                        0x08003ed1   Thumb Code   128  myiic.o(i.SHT40_Read_RHData)
    SHT40_Read_Serial_Number                 0x08003f69   Thumb Code   102  myiic.o(i.SHT40_Read_Serial_Number)
    SHT_Read_Len                             0x08003ffd   Thumb Code   122  myiic.o(i.SHT_Read_Len)
    SHT_Write_Len                            0x08004077   Thumb Code    96  myiic.o(i.SHT_Write_Len)
    SVC_Handler                              0x080040d7   Thumb Code     2  stm32f10x_it.o(i.SVC_Handler)
    SysTick_CLKSourceConfig                  0x080041c1   Thumb Code    40  misc.o(i.SysTick_CLKSourceConfig)
    SysTick_Handler                          0x080041e9   Thumb Code     2  stm32f10x_it.o(i.SysTick_Handler)
    SystemInit                               0x080041ed   Thumb Code    78  system_stm32f10x.o(i.SystemInit)
    TIM2_IRQHandler                          0x0800424d   Thumb Code    84  main.o(i.TIM2_IRQHandler)
    TIM_ClearFlag                            0x080042b1   Thumb Code     6  stm32f10x_tim.o(i.TIM_ClearFlag)
    TIM_ClearITPendingBit                    0x080042b7   Thumb Code     6  stm32f10x_tim.o(i.TIM_ClearITPendingBit)
    TIM_Cmd                                  0x080042bd   Thumb Code    24  stm32f10x_tim.o(i.TIM_Cmd)
    TIM_GetITStatus                          0x080042d5   Thumb Code    34  stm32f10x_tim.o(i.TIM_GetITStatus)
    TIM_ITConfig                             0x080042f7   Thumb Code    18  stm32f10x_tim.o(i.TIM_ITConfig)
    TIM_InternalClockConfig                  0x08004309   Thumb Code    12  stm32f10x_tim.o(i.TIM_InternalClockConfig)
    TIM_TimeBaseInit                         0x08004315   Thumb Code   122  stm32f10x_tim.o(i.TIM_TimeBaseInit)
    Timer_Init                               0x080043b9   Thumb Code   126  timer.o(i.Timer_Init)
    USART1_IRQHandler                        0x08004439   Thumb Code    96  usart_1.o(i.USART1_IRQHandler)
    USART_Cmd                                0x080044b1   Thumb Code    24  stm32f10x_usart.o(i.USART_Cmd)
    USART_GetFlagStatus                      0x080044c9   Thumb Code    26  stm32f10x_usart.o(i.USART_GetFlagStatus)
    USART_GetITStatus                        0x080044e3   Thumb Code    84  stm32f10x_usart.o(i.USART_GetITStatus)
    USART_ITConfig                           0x08004537   Thumb Code    74  stm32f10x_usart.o(i.USART_ITConfig)
    USART_Init                               0x08004581   Thumb Code   210  stm32f10x_usart.o(i.USART_Init)
    USART_ReceiveData                        0x08004659   Thumb Code    10  stm32f10x_usart.o(i.USART_ReceiveData)
    USART_SendData                           0x08004663   Thumb Code     8  stm32f10x_usart.o(i.USART_SendData)
    UsageFault_Handler                       0x0800466b   Thumb Code     4  stm32f10x_it.o(i.UsageFault_Handler)
    Usart1_Init                              0x08004671   Thumb Code   172  usart_1.o(i.Usart1_Init)
    __ARM_fpclassify                         0x08004725   Thumb Code    40  fpclassify.o(i.__ARM_fpclassify)
    __mathlib_dbl_overflow                   0x0800474d   Thumb Code    14  dunder.o(i.__mathlib_dbl_overflow)
    __mathlib_dbl_underflow                  0x0800475d   Thumb Code    10  dunder.o(i.__mathlib_dbl_underflow)
    __mathlib_narrow                         0x0800476d   Thumb Code    16  narrow.o(i.__mathlib_narrow)
    __mathlib_tofloat                        0x0800477d   Thumb Code   184  narrow.o(i.__mathlib_tofloat)
    __support_ldexp                          0x08004839   Thumb Code    22  ldexp.o(i.__support_ldexp)
    _is_digit                                0x0800484f   Thumb Code    14  __printf_wp.o(i._is_digit)
    _sys_exit                                0x0800485d   Thumb Code     4  usart_1.o(i._sys_exit)
    at_proc                                  0x08004861   Thumb Code   168  consoled.o(i.at_proc)
    debug_cmd_proc                           0x08004925   Thumb Code   102  consoled.o(i.debug_cmd_proc)
    debug_read                               0x080049ad   Thumb Code    20  usart_1.o(i.debug_read)
    delay_init                               0x080049c1   Thumb Code    50  delay.o(i.delay_init)
    delay_ms                                 0x08004a05   Thumb Code    72  delay.o(i.delay_ms)
    delay_us                                 0x08004a51   Thumb Code    72  delay.o(i.delay_us)
    every_hour_task                          0x08004a9d   Thumb Code     2  main.o(i.every_hour_task)
    every_minute_task                        0x08004aa1   Thumb Code     8  main.o(i.every_minute_task)
    every_second_task                        0x08004aad   Thumb Code    62  main.o(i.every_second_task)
    fputc                                    0x08004afd   Thumb Code    32  usart_1.o(i.fputc)
    frexp                                    0x08004b21   Thumb Code    80  frexp.o(i.frexp)
    get_weather_description                  0x08004b79   Thumb Code    24  weather_codes.o(i.get_weather_description)
    help_proc                                0x08004ba5   Thumb Code    42  consoled.o(i.help_proc)
    ldexp                                    0x08004bf1   Thumb Code   116  ldexp.o(i.ldexp)
    led_proc                                 0x08004c65   Thumb Code    62  consoled.o(i.led_proc)
    main                                     0x08004ce9   Thumb Code    84  main.o(i.main)
    pid_proc                                 0x08004d69   Thumb Code    56  consoled.o(i.pid_proc)
    scheduler                                0x08004dc5   Thumb Code    52  main.o(i.scheduler)
    set_proc                                 0x08004e05   Thumb Code   388  consoled.o(i.set_proc)
    showall_proc                             0x080050e5   Thumb Code   168  consoled.o(i.showall_proc)
    skip                                     0x0800522d   Thumb Code    12  consoled.o(i.skip)
    uart_buf_get                             0x08005239   Thumb Code    58  usart_1.o(i.uart_buf_get)
    uart_buf_put                             0x08005279   Thumb Code    36  usart_1.o(i.uart_buf_put)
    _get_lc_time                             0x080052a1   Thumb Code    44  lc_time_c.o(locale$$code)
    _get_lc_numeric                          0x080052cd   Thumb Code    44  lc_numeric_c.o(locale$$code)
    _get_lc_ctype                            0x080052f9   Thumb Code    44  lc_ctype_c.o(locale$$code)
    __aeabi_d2f                              0x08005325   Thumb Code     0  d2f.o(x$fpl$d2f)
    _d2f                                     0x08005325   Thumb Code    98  d2f.o(x$fpl$d2f)
    __fpl_dcheck_NaN1                        0x08005389   Thumb Code    10  dcheck1.o(x$fpl$dcheck1)
    __fpl_dcmp_Inf                           0x08005399   Thumb Code    24  dcmpi.o(x$fpl$dcmpinf)
    __aeabi_cdcmpeq                          0x080053b1   Thumb Code     0  deqf.o(x$fpl$deqf)
    _dcmpeq                                  0x080053b1   Thumb Code   120  deqf.o(x$fpl$deqf)
    __aeabi_cdcmple                          0x08005429   Thumb Code     0  dleqf.o(x$fpl$dleqf)
    _dcmple                                  0x08005429   Thumb Code   120  dleqf.o(x$fpl$dleqf)
    __fpl_dcmple_InfNaN                      0x0800548b   Thumb Code     0  dleqf.o(x$fpl$dleqf)
    __fpl_dnaninf                            0x080054a1   Thumb Code   156  dnaninf.o(x$fpl$dnaninf)
    __fpl_dretinf                            0x0800553d   Thumb Code    12  dretinf.o(x$fpl$dretinf)
    __aeabi_cdrcmple                         0x08005549   Thumb Code     0  drleqf.o(x$fpl$drleqf)
    _drcmple                                 0x08005549   Thumb Code   108  drleqf.o(x$fpl$drleqf)
    __aeabi_f2d                              0x080055b5   Thumb Code     0  f2d.o(x$fpl$f2d)
    _f2d                                     0x080055b5   Thumb Code    86  f2d.o(x$fpl$f2d)
    __aeabi_fadd                             0x0800560d   Thumb Code     0  faddsub_clz.o(x$fpl$fadd)
    _fadd                                    0x0800560d   Thumb Code   196  faddsub_clz.o(x$fpl$fadd)
    __aeabi_fdiv                             0x080056d1   Thumb Code     0  fdiv.o(x$fpl$fdiv)
    _fdiv                                    0x080056d1   Thumb Code   384  fdiv.o(x$fpl$fdiv)
    __aeabi_ui2f                             0x08005855   Thumb Code     0  fflt_clz.o(x$fpl$ffltu)
    _ffltu                                   0x08005855   Thumb Code    38  fflt_clz.o(x$fpl$ffltu)
    __aeabi_fmul                             0x0800587d   Thumb Code     0  fmul.o(x$fpl$fmul)
    _fmul                                    0x0800587d   Thumb Code   258  fmul.o(x$fpl$fmul)
    __fpl_fnaninf                            0x0800597f   Thumb Code   140  fnaninf.o(x$fpl$fnaninf)
    __fpl_fretinf                            0x08005a0b   Thumb Code    10  fretinf.o(x$fpl$fretinf)
    __aeabi_fsub                             0x08005a15   Thumb Code     0  faddsub_clz.o(x$fpl$fsub)
    _fsub                                    0x08005a15   Thumb Code   234  faddsub_clz.o(x$fpl$fsub)
    __ieee_status                            0x08005aff   Thumb Code     6  istatus.o(x$fpl$ieeestatus)
    _printf_fp_dec                           0x08005b05   Thumb Code     4  printf1.o(x$fpl$printf1)
    _printf_fp_hex                           0x08005b09   Thumb Code     4  printf2.o(x$fpl$printf2)
    __fpl_return_NaN                         0x08005b0d   Thumb Code   100  retnan.o(x$fpl$retnan)
    __ARM_scalbn                             0x08005b71   Thumb Code    92  scalbn.o(x$fpl$scalbn)
    _scanf_real                              0x08005bcd   Thumb Code     4  scanf1.o(x$fpl$scanf1)
    _scanf_hex_real                          0x08005bd1   Thumb Code     4  scanf2.o(x$fpl$scanf2)
    _scanf_infnan                            0x08005bd5   Thumb Code     4  scanf2.o(x$fpl$scanf2)
    __fpl_cmpreturn                          0x08005bd9   Thumb Code    48  trapv.o(x$fpl$trapveneer)
    OLED_F8x16                               0x08005c08   Data        1520  oled.o(.constdata)
    __I$use$fp                               0x08005c08   Number         0  usenofp.o(x$fpl$usenofp)
    CN16_Msk                                 0x080061f8   Data        2040  oled.o(.constdata)
    _monlen                                  0x08006ac8   Data          12  _monlen.o(.constdata)
    Region$$Table$$Base                      0x08006d80   Number         0  anon$$obj.o(Region$$Table)
    Region$$Table$$Limit                     0x08006da0   Number         0  anon$$obj.o(Region$$Table)
    __aeabi_HUGE_VAL                         0x08006da0   Data           0  fpconst.o(c$$dinf)
    __aeabi_HUGE_VALL                        0x08006da0   Data           0  fpconst.o(c$$dinf)
    __aeabi_INFINITY                         0x08006da0   Data           0  fpconst.o(c$$dinf)
    __dInf                                   0x08006da0   Data           0  fpconst.o(c$$dinf)
    __huge_val                               0x08006da0   Data           0  fpconst.o(c$$dinf)
    __dbl_max                                0x08006da8   Data           0  fpconst.o(c$$dmax)
    __ctype                                  0x08006f59   Data           0  lc_ctype_c.o(locale$$data)
    SystemCoreClock                          0x20000000   Data           4  system_stm32f10x.o(.data)
    AHBPrescTable                            0x20000004   Data          16  system_stm32f10x.o(.data)
    seconds                                  0x20000014   Data           4  main.o(.data)
    F_Tim1s                                  0x20000018   Data           1  main.o(.data)
    F_Tim1m                                  0x20000019   Data           1  main.o(.data)
    F_Tim1h                                  0x2000001a   Data           1  main.o(.data)
    temperature                              0x2000001c   Data           4  main.o(.data)
    humidity                                 0x20000020   Data           4  main.o(.data)
    rev_data                                 0x20000134   Data           1  usart_1.o(.data)
    __stdout                                 0x20000138   Data           4  usart_1.o(.data)
    cmd_prpt_str                             0x2000013c   Data          10  consoled.o(.data)
    g_interrupt                              0x20000148   Data           4  consoled.o(.data)
    cmd_list                                 0x2000014c   Data          40  consoled.o(.data)
    rev_cnt                                  0x20000174   Data           1  consoled.o(.data)
    sysdata                                  0x20000190   Data          60  main.o(.bss)
    uart                                     0x200001cc   Data         520  usart_1.o(.bss)
    debug_rev_buf                            0x200003d4   Data          64  consoled.o(.bss)
    __libspace_start                         0x20000440   Data          96  libspace.o(.bss)
    __temporary_stack_top$libspace           0x200004a0   Data           0  libspace.o(.bss)



==============================================================================

Memory Map of the image

  Image Entry point : 0x080000ed

  Load Region LR_IROM1 (Base: 0x08000000, Size: 0x000071ec, Max: 0x00010000, ABSOLUTE, COMPRESSED[0x00007178])

    Execution Region ER_IROM1 (Exec base: 0x08000000, Load base: 0x08000000, Size: 0x0000705c, Max: 0x00010000, ABSOLUTE)

    Exec Addr    Load Addr    Size         Type   Attr      Idx    E Section Name        Object

    0x08000000   0x08000000   0x000000ec   Data   RO          906    RESET               startup_stm32f10x_md.o
    0x080000ec   0x080000ec   0x00000008   Code   RO         4158  * !!!main             c_w.l(__main.o)
    0x080000f4   0x080000f4   0x00000034   Code   RO         4571    !!!scatter          c_w.l(__scatter.o)
    0x08000128   0x08000128   0x0000005a   Code   RO         4569    !!dczerorl2         c_w.l(__dczerorl2.o)
    0x08000182   0x08000182   0x00000002   PAD
    0x08000184   0x08000184   0x0000001c   Code   RO         4573    !!handler_zi        c_w.l(__scatter_zi.o)
    0x080001a0   0x080001a0   0x00000000   Code   RO         4130    .ARM.Collect$$_printf_percent$$00000000  c_w.l(_printf_percent.o)
    0x080001a0   0x080001a0   0x00000006   Code   RO         4277    .ARM.Collect$$_printf_percent$$00000001  c_w.l(_printf_n.o)
    0x080001a6   0x080001a6   0x00000006   Code   RO         4278    .ARM.Collect$$_printf_percent$$00000002  c_w.l(_printf_p.o)
    0x080001ac   0x080001ac   0x00000006   Code   RO         4129    .ARM.Collect$$_printf_percent$$00000003  c_w.l(_printf_f.o)
    0x080001b2   0x080001b2   0x00000006   Code   RO         4281    .ARM.Collect$$_printf_percent$$00000004  c_w.l(_printf_e.o)
    0x080001b8   0x080001b8   0x00000006   Code   RO         4282    .ARM.Collect$$_printf_percent$$00000005  c_w.l(_printf_g.o)
    0x080001be   0x080001be   0x00000006   Code   RO         4283    .ARM.Collect$$_printf_percent$$00000006  c_w.l(_printf_a.o)
    0x080001c4   0x080001c4   0x0000000a   Code   RO         4287    .ARM.Collect$$_printf_percent$$00000007  c_w.l(_printf_ll.o)
    0x080001ce   0x080001ce   0x00000006   Code   RO         4280    .ARM.Collect$$_printf_percent$$00000008  c_w.l(_printf_i.o)
    0x080001d4   0x080001d4   0x00000006   Code   RO         4127    .ARM.Collect$$_printf_percent$$00000009  c_w.l(_printf_d.o)
    0x080001da   0x080001da   0x00000006   Code   RO         4128    .ARM.Collect$$_printf_percent$$0000000A  c_w.l(_printf_u.o)
    0x080001e0   0x080001e0   0x00000006   Code   RO         4279    .ARM.Collect$$_printf_percent$$0000000B  c_w.l(_printf_o.o)
    0x080001e6   0x080001e6   0x00000006   Code   RO         4126    .ARM.Collect$$_printf_percent$$0000000C  c_w.l(_printf_x.o)
    0x080001ec   0x080001ec   0x00000006   Code   RO         4284    .ARM.Collect$$_printf_percent$$0000000D  c_w.l(_printf_lli.o)
    0x080001f2   0x080001f2   0x00000006   Code   RO         4285    .ARM.Collect$$_printf_percent$$0000000E  c_w.l(_printf_lld.o)
    0x080001f8   0x080001f8   0x00000006   Code   RO         4286    .ARM.Collect$$_printf_percent$$0000000F  c_w.l(_printf_llu.o)
    0x080001fe   0x080001fe   0x00000006   Code   RO         4291    .ARM.Collect$$_printf_percent$$00000010  c_w.l(_printf_llo.o)
    0x08000204   0x08000204   0x00000006   Code   RO         4292    .ARM.Collect$$_printf_percent$$00000011  c_w.l(_printf_llx.o)
    0x0800020a   0x0800020a   0x0000000a   Code   RO         4288    .ARM.Collect$$_printf_percent$$00000012  c_w.l(_printf_l.o)
    0x08000214   0x08000214   0x00000006   Code   RO         4124    .ARM.Collect$$_printf_percent$$00000013  c_w.l(_printf_c.o)
    0x0800021a   0x0800021a   0x00000006   Code   RO         4125    .ARM.Collect$$_printf_percent$$00000014  c_w.l(_printf_s.o)
    0x08000220   0x08000220   0x00000006   Code   RO         4289    .ARM.Collect$$_printf_percent$$00000015  c_w.l(_printf_lc.o)
    0x08000226   0x08000226   0x00000006   Code   RO         4290    .ARM.Collect$$_printf_percent$$00000016  c_w.l(_printf_ls.o)
    0x0800022c   0x0800022c   0x00000004   Code   RO         4210    .ARM.Collect$$_printf_percent$$00000017  c_w.l(_printf_percent_end.o)
    0x08000230   0x08000230   0x00000002   Code   RO         4427    .ARM.Collect$$libinit$$00000000  c_w.l(libinit.o)
    0x08000232   0x08000232   0x00000000   Code   RO         4331    .ARM.Collect$$libinit$$00000002  c_w.l(libinit2.o)
    0x08000232   0x08000232   0x00000000   Code   RO         4333    .ARM.Collect$$libinit$$00000004  c_w.l(libinit2.o)
    0x08000232   0x08000232   0x00000000   Code   RO         4336    .ARM.Collect$$libinit$$0000000A  c_w.l(libinit2.o)
    0x08000232   0x08000232   0x00000000   Code   RO         4338    .ARM.Collect$$libinit$$0000000C  c_w.l(libinit2.o)
    0x08000232   0x08000232   0x00000000   Code   RO         4340    .ARM.Collect$$libinit$$0000000E  c_w.l(libinit2.o)
    0x08000232   0x08000232   0x00000006   Code   RO         4341    .ARM.Collect$$libinit$$0000000F  c_w.l(libinit2.o)
    0x08000238   0x08000238   0x00000000   Code   RO         4343    .ARM.Collect$$libinit$$00000011  c_w.l(libinit2.o)
    0x08000238   0x08000238   0x0000000c   Code   RO         4344    .ARM.Collect$$libinit$$00000012  c_w.l(libinit2.o)
    0x08000244   0x08000244   0x00000000   Code   RO         4345    .ARM.Collect$$libinit$$00000013  c_w.l(libinit2.o)
    0x08000244   0x08000244   0x00000000   Code   RO         4347    .ARM.Collect$$libinit$$00000015  c_w.l(libinit2.o)
    0x08000244   0x08000244   0x0000000a   Code   RO         4348    .ARM.Collect$$libinit$$00000016  c_w.l(libinit2.o)
    0x0800024e   0x0800024e   0x00000000   Code   RO         4349    .ARM.Collect$$libinit$$00000017  c_w.l(libinit2.o)
    0x0800024e   0x0800024e   0x0000000a   Code   RO         4350    .ARM.Collect$$libinit$$00000018  c_w.l(libinit2.o)
    0x08000258   0x08000258   0x00000000   Code   RO         4351    .ARM.Collect$$libinit$$00000019  c_w.l(libinit2.o)
    0x08000258   0x08000258   0x00000000   Code   RO         4353    .ARM.Collect$$libinit$$0000001B  c_w.l(libinit2.o)
    0x08000258   0x08000258   0x00000000   Code   RO         4355    .ARM.Collect$$libinit$$0000001D  c_w.l(libinit2.o)
    0x08000258   0x08000258   0x00000000   Code   RO         4357    .ARM.Collect$$libinit$$0000001F  c_w.l(libinit2.o)
    0x08000258   0x08000258   0x00000000   Code   RO         4359    .ARM.Collect$$libinit$$00000021  c_w.l(libinit2.o)
    0x08000258   0x08000258   0x00000000   Code   RO         4361    .ARM.Collect$$libinit$$00000023  c_w.l(libinit2.o)
    0x08000258   0x08000258   0x00000000   Code   RO         4363    .ARM.Collect$$libinit$$00000025  c_w.l(libinit2.o)
    0x08000258   0x08000258   0x00000000   Code   RO         4367    .ARM.Collect$$libinit$$0000002C  c_w.l(libinit2.o)
    0x08000258   0x08000258   0x00000000   Code   RO         4369    .ARM.Collect$$libinit$$0000002E  c_w.l(libinit2.o)
    0x08000258   0x08000258   0x00000000   Code   RO         4371    .ARM.Collect$$libinit$$00000030  c_w.l(libinit2.o)
    0x08000258   0x08000258   0x00000000   Code   RO         4373    .ARM.Collect$$libinit$$00000032  c_w.l(libinit2.o)
    0x08000258   0x08000258   0x00000002   Code   RO         4374    .ARM.Collect$$libinit$$00000033  c_w.l(libinit2.o)
    0x0800025a   0x0800025a   0x00000002   Code   RO         4512    .ARM.Collect$$libshutdown$$00000000  c_w.l(libshutdown.o)
    0x0800025c   0x0800025c   0x00000000   Code   RO         4532    .ARM.Collect$$libshutdown$$00000002  c_w.l(libshutdown2.o)
    0x0800025c   0x0800025c   0x00000000   Code   RO         4534    .ARM.Collect$$libshutdown$$00000004  c_w.l(libshutdown2.o)
    0x0800025c   0x0800025c   0x00000000   Code   RO         4537    .ARM.Collect$$libshutdown$$00000007  c_w.l(libshutdown2.o)
    0x0800025c   0x0800025c   0x00000000   Code   RO         4540    .ARM.Collect$$libshutdown$$0000000A  c_w.l(libshutdown2.o)
    0x0800025c   0x0800025c   0x00000000   Code   RO         4542    .ARM.Collect$$libshutdown$$0000000C  c_w.l(libshutdown2.o)
    0x0800025c   0x0800025c   0x00000000   Code   RO         4545    .ARM.Collect$$libshutdown$$0000000F  c_w.l(libshutdown2.o)
    0x0800025c   0x0800025c   0x00000002   Code   RO         4546    .ARM.Collect$$libshutdown$$00000010  c_w.l(libshutdown2.o)
    0x0800025e   0x0800025e   0x00000000   Code   RO         4190    .ARM.Collect$$rtentry$$00000000  c_w.l(__rtentry.o)
    0x0800025e   0x0800025e   0x00000000   Code   RO         4235    .ARM.Collect$$rtentry$$00000002  c_w.l(__rtentry2.o)
    0x0800025e   0x0800025e   0x00000006   Code   RO         4247    .ARM.Collect$$rtentry$$00000004  c_w.l(__rtentry4.o)
    0x08000264   0x08000264   0x00000000   Code   RO         4237    .ARM.Collect$$rtentry$$00000009  c_w.l(__rtentry2.o)
    0x08000264   0x08000264   0x00000004   Code   RO         4238    .ARM.Collect$$rtentry$$0000000A  c_w.l(__rtentry2.o)
    0x08000268   0x08000268   0x00000000   Code   RO         4240    .ARM.Collect$$rtentry$$0000000C  c_w.l(__rtentry2.o)
    0x08000268   0x08000268   0x00000008   Code   RO         4241    .ARM.Collect$$rtentry$$0000000D  c_w.l(__rtentry2.o)
    0x08000270   0x08000270   0x00000002   Code   RO         4440    .ARM.Collect$$rtexit$$00000000  c_w.l(rtexit.o)
    0x08000272   0x08000272   0x00000000   Code   RO         4474    .ARM.Collect$$rtexit$$00000002  c_w.l(rtexit2.o)
    0x08000272   0x08000272   0x00000004   Code   RO         4475    .ARM.Collect$$rtexit$$00000003  c_w.l(rtexit2.o)
    0x08000276   0x08000276   0x00000006   Code   RO         4476    .ARM.Collect$$rtexit$$00000004  c_w.l(rtexit2.o)
    0x0800027c   0x0800027c   0x00000040   Code   RO          907    .text               startup_stm32f10x_md.o
    0x080002bc   0x080002bc   0x00000002   Code   RO         4065    .text               c_w.l(use_no_semi_2.o)
    0x080002be   0x080002be   0x00000002   PAD
    0x080002c0   0x080002c0   0x00000018   Code   RO         4067    .text               c_w.l(__2printf.o)
    0x080002d8   0x080002d8   0x0000002c   Code   RO         4069    .text               c_w.l(__2sprintf.o)
    0x08000304   0x08000304   0x0000004e   Code   RO         4077    .text               c_w.l(_printf_pad.o)
    0x08000352   0x08000352   0x00000052   Code   RO         4079    .text               c_w.l(_printf_str.o)
    0x080003a4   0x080003a4   0x00000078   Code   RO         4081    .text               c_w.l(_printf_dec.o)
    0x0800041c   0x0800041c   0x00000094   Code   RO         4101    .text               c_w.l(_printf_hex_int_ll_ptr.o)
    0x080004b0   0x080004b0   0x00000188   Code   RO         4121    .text               c_w.l(__printf_flags_ss_wp.o)
    0x08000638   0x08000638   0x0000003c   Code   RO         4131    .text               c_w.l(__0sscanf.o)
    0x08000674   0x08000674   0x0000014c   Code   RO         4133    .text               c_w.l(_scanf_int.o)
    0x080007c0   0x080007c0   0x000000e0   Code   RO         4135    .text               c_w.l(_scanf_str.o)
    0x080008a0   0x080008a0   0x00000024   Code   RO         4137    .text               c_w.l(strstr.o)
    0x080008c4   0x080008c4   0x00000048   Code   RO         4139    .text               c_w.l(strcpy.o)
    0x0800090c   0x0800090c   0x0000003e   Code   RO         4141    .text               c_w.l(strlen.o)
    0x0800094a   0x0800094a   0x00000096   Code   RO         4143    .text               c_w.l(strncmp.o)
    0x080009e0   0x080009e0   0x00000044   Code   RO         4145    .text               c_w.l(rt_memclr.o)
    0x08000a24   0x08000a24   0x0000004e   Code   RO         4147    .text               c_w.l(rt_memclr_w.o)
    0x08000a72   0x08000a72   0x00000056   Code   RO         4149    .text               c_w.l(strncpy.o)
    0x08000ac8   0x08000ac8   0x0000000c   Code   RO         4151    .text               c_w.l(localtime.o)
    0x08000ad4   0x08000ad4   0x00000360   Code   RO         4154    .text               c_w.l(strftime.o)
    0x08000e34   0x08000e34   0x00000006   Code   RO         4156    .text               c_w.l(heapauxi.o)
    0x08000e3a   0x08000e3a   0x00000002   Code   RO         4188    .text               c_w.l(use_no_semi.o)
    0x08000e3c   0x08000e3c   0x00000008   Code   RO         4194    .text               c_w.l(rt_locale_intlibspace.o)
    0x08000e44   0x08000e44   0x0000002c   Code   RO         4196    .text               c_w.l(sprintf.o)
    0x08000e70   0x08000e70   0x000000b2   Code   RO         4198    .text               c_w.l(_printf_intcommon.o)
    0x08000f22   0x08000f22   0x0000041e   Code   RO         4200    .text               c_w.l(_printf_fp_dec.o)
    0x08001340   0x08001340   0x00000030   Code   RO         4202    .text               c_w.l(_printf_char_common.o)
    0x08001370   0x08001370   0x0000000a   Code   RO         4204    .text               c_w.l(_sputc.o)
    0x0800137a   0x0800137a   0x0000002c   Code   RO         4206    .text               c_w.l(_printf_char.o)
    0x080013a6   0x080013a6   0x00000002   PAD
    0x080013a8   0x080013a8   0x00000024   Code   RO         4208    .text               c_w.l(_printf_char_file.o)
    0x080013cc   0x080013cc   0x0000001c   Code   RO         4211    .text               c_w.l(_chval.o)
    0x080013e8   0x080013e8   0x000004f8   Code   RO         4213    .text               c_w.l(scanf_fp.o)
    0x080018e0   0x080018e0   0x0000002c   Code   RO         4215    .text               c_w.l(scanf_char.o)
    0x0800190c   0x0800190c   0x00000040   Code   RO         4217    .text               c_w.l(_sgetc.o)
    0x0800194c   0x0800194c   0x000000b8   Code   RO         4222    .text               c_w.l(localtime_internal.o)
    0x08001a04   0x08001a04   0x00000008   Code   RO         4231    .text               c_w.l(libspace.o)
    0x08001a0c   0x08001a0c   0x00000008   Code   RO         4252    .text               c_w.l(rt_errno_addr_intlibspace.o)
    0x08001a14   0x08001a14   0x0000008a   Code   RO         4254    .text               c_w.l(lludiv10.o)
    0x08001a9e   0x08001a9e   0x00000012   Code   RO         4256    .text               c_w.l(isspace.o)
    0x08001ab0   0x08001ab0   0x00000024   Code   RO         4258    .text               c_w.l(_printf_truncate.o)
    0x08001ad4   0x08001ad4   0x00000028   Code   RO         4260    .text               c_w.l(_printf_charcount.o)
    0x08001afc   0x08001afc   0x00000080   Code   RO         4262    .text               c_w.l(_printf_fp_infnan.o)
    0x08001b7c   0x08001b7c   0x000000bc   Code   RO         4266    .text               c_w.l(_printf_wctomb.o)
    0x08001c38   0x08001c38   0x0000007c   Code   RO         4269    .text               c_w.l(_printf_longlong_dec.o)
    0x08001cb4   0x08001cb4   0x00000070   Code   RO         4275    .text               c_w.l(_printf_oct_int_ll.o)
    0x08001d24   0x08001d24   0x00000374   Code   RO         4293    .text               c_w.l(_scanf.o)
    0x08002098   0x08002098   0x000000e4   Code   RO         4295    .text               c_w.l(bigflt0.o)
    0x0800217c   0x0800217c   0x00000008   Code   RO         4320    .text               c_w.l(ferror.o)
    0x08002184   0x08002184   0x00000080   Code   RO         4327    .text               c_w.l(strcmpv7m.o)
    0x08002204   0x08002204   0x0000004a   Code   RO         4401    .text               c_w.l(sys_stackheap_outer.o)
    0x0800224e   0x0800224e   0x00000002   PAD
    0x08002250   0x08002250   0x00000010   Code   RO         4403    .text               c_w.l(rt_ctype_table.o)
    0x08002260   0x08002260   0x00000016   Code   RO         4405    .text               c_w.l(_rserrno.o)
    0x08002276   0x08002276   0x00000002   PAD
    0x08002278   0x08002278   0x000002fc   Code   RO         4407    .text               c_w.l(_printf_fp_hex.o)
    0x08002574   0x08002574   0x0000002c   Code   RO         4410    .text               c_w.l(_printf_wchar.o)
    0x080025a0   0x080025a0   0x00000320   Code   RO         4412    .text               c_w.l(scanf_hexfp.o)
    0x080028c0   0x080028c0   0x00000134   Code   RO         4414    .text               c_w.l(scanf_infnan.o)
    0x080029f4   0x080029f4   0x00000040   Code   RO         4416    .text               c_w.l(_wcrtomb.o)
    0x08002a34   0x08002a34   0x00000012   Code   RO         4418    .text               c_w.l(exit.o)
    0x08002a46   0x08002a46   0x00000026   Code   RO         4442    .text               c_w.l(llshl.o)
    0x08002a6c   0x08002a6c   0x0000003e   Code   RO         4298    CL$$btod_d2e        c_w.l(btod.o)
    0x08002aaa   0x08002aaa   0x00000046   Code   RO         4300    CL$$btod_d2e_denorm_low  c_w.l(btod.o)
    0x08002af0   0x08002af0   0x00000060   Code   RO         4299    CL$$btod_d2e_norm_op1  c_w.l(btod.o)
    0x08002b50   0x08002b50   0x00000338   Code   RO         4308    CL$$btod_div_common  c_w.l(btod.o)
    0x08002e88   0x08002e88   0x00000084   Code   RO         4306    CL$$btod_e2d        c_w.l(btod.o)
    0x08002f0c   0x08002f0c   0x000000dc   Code   RO         4305    CL$$btod_e2e        c_w.l(btod.o)
    0x08002fe8   0x08002fe8   0x0000002a   Code   RO         4302    CL$$btod_ediv       c_w.l(btod.o)
    0x08003012   0x08003012   0x0000002a   Code   RO         4304    CL$$btod_edivd      c_w.l(btod.o)
    0x0800303c   0x0800303c   0x0000002a   Code   RO         4301    CL$$btod_emul       c_w.l(btod.o)
    0x08003066   0x08003066   0x0000002a   Code   RO         4303    CL$$btod_emuld      c_w.l(btod.o)
    0x08003090   0x08003090   0x00000244   Code   RO         4307    CL$$btod_mult_common  c_w.l(btod.o)
    0x080032d4   0x080032d4   0x00000004   Code   RO            1    i.BusFault_Handler  stm32f10x_it.o
    0x080032d8   0x080032d8   0x00000002   Code   RO            2    i.DebugMon_Handler  stm32f10x_it.o
    0x080032da   0x080032da   0x00000116   Code   RO         2092    i.GPIO_Init         stm32f10x_gpio.o
    0x080033f0   0x080033f0   0x00000090   Code   RO         2094    i.GPIO_PinRemapConfig  stm32f10x_gpio.o
    0x08003480   0x08003480   0x00000004   Code   RO         2100    i.GPIO_SetBits      stm32f10x_gpio.o
    0x08003484   0x08003484   0x0000000a   Code   RO         2103    i.GPIO_WriteBit     stm32f10x_gpio.o
    0x0800348e   0x0800348e   0x00000004   Code   RO            3    i.HardFault_Handler  stm32f10x_it.o
    0x08003492   0x08003492   0x00000002   PAD
    0x08003494   0x08003494   0x00000050   Code   RO         3964    i.IIC_Ack           myiic.o
    0x080034e4   0x080034e4   0x00000038   Code   RO         3965    i.IIC_Init          myiic.o
    0x0800351c   0x0800351c   0x00000050   Code   RO         3966    i.IIC_NAck          myiic.o
    0x0800356c   0x0800356c   0x00000070   Code   RO         3967    i.IIC_Read_Byte     myiic.o
    0x080035dc   0x080035dc   0x00000078   Code   RO         3968    i.IIC_Scan_Devices  myiic.o
    0x08003654   0x08003654   0x00000068   Code   RO         3969    i.IIC_Send_Byte     myiic.o
    0x080036bc   0x080036bc   0x0000004c   Code   RO         3970    i.IIC_Start         myiic.o
    0x08003708   0x08003708   0x0000004c   Code   RO         3971    i.IIC_Stop          myiic.o
    0x08003754   0x08003754   0x00000064   Code   RO         3972    i.IIC_Wait_Ack      myiic.o
    0x080037b8   0x080037b8   0x00000050   Code   RO          136    i.Init_Sysdata      main.o
    0x08003808   0x08003808   0x00000044   Code   RO          278    i.LED_Init          led.o
    0x0800384c   0x0800384c   0x00000004   Code   RO            4    i.MemManage_Handler  stm32f10x_it.o
    0x08003850   0x08003850   0x00000002   Code   RO            5    i.NMI_Handler       stm32f10x_it.o
    0x08003852   0x08003852   0x00000002   PAD
    0x08003854   0x08003854   0x00000070   Code   RO          911    i.NVIC_Init         misc.o
    0x080038c4   0x080038c4   0x00000014   Code   RO          912    i.NVIC_PriorityGroupConfig  misc.o
    0x080038d8   0x080038d8   0x0000002a   Code   RO          752    i.OLED_Clear        oled.o
    0x08003902   0x08003902   0x00000002   PAD
    0x08003904   0x08003904   0x0000004c   Code   RO          753    i.OLED_I2C_Init     oled.o
    0x08003950   0x08003950   0x00000050   Code   RO          754    i.OLED_I2C_SendByte  oled.o
    0x080039a0   0x080039a0   0x00000030   Code   RO          755    i.OLED_I2C_Start    oled.o
    0x080039d0   0x080039d0   0x00000028   Code   RO          756    i.OLED_I2C_Stop     oled.o
    0x080039f8   0x080039f8   0x000000ae   Code   RO          757    i.OLED_Init         oled.o
    0x08003aa6   0x08003aa6   0x00000002   PAD
    0x08003aa8   0x08003aa8   0x000000cc   Code   RO          759    i.OLED_Print        oled.o
    0x08003b74   0x08003b74   0x0000006c   Code   RO          760    i.OLED_Print_char   oled.o
    0x08003be0   0x08003be0   0x00000022   Code   RO          761    i.OLED_SetCursor    oled.o
    0x08003c02   0x08003c02   0x00000002   PAD
    0x08003c04   0x08003c04   0x00000074   Code   RO          763    i.OLED_ShowChar     oled.o
    0x08003c78   0x08003c78   0x000000d8   Code   RO          764    i.OLED_ShowData     oled.o
    0x08003d50   0x08003d50   0x00000028   Code   RO          768    i.OLED_ShowString   oled.o
    0x08003d78   0x08003d78   0x00000020   Code   RO          769    i.OLED_WriteCommand  oled.o
    0x08003d98   0x08003d98   0x00000020   Code   RO          770    i.OLED_WriteData    oled.o
    0x08003db8   0x08003db8   0x00000002   Code   RO            6    i.PendSV_Handler    stm32f10x_it.o
    0x08003dba   0x08003dba   0x00000002   PAD
    0x08003dbc   0x08003dbc   0x00000020   Code   RO         2517    i.RCC_APB1PeriphClockCmd  stm32f10x_rcc.o
    0x08003ddc   0x08003ddc   0x00000020   Code   RO         2519    i.RCC_APB2PeriphClockCmd  stm32f10x_rcc.o
    0x08003dfc   0x08003dfc   0x000000d4   Code   RO         2527    i.RCC_GetClocksFreq  stm32f10x_rcc.o
    0x08003ed0   0x08003ed0   0x00000098   Code   RO         3973    i.SHT40_Read_RHData  myiic.o
    0x08003f68   0x08003f68   0x00000094   Code   RO         3974    i.SHT40_Read_Serial_Number  myiic.o
    0x08003ffc   0x08003ffc   0x0000007a   Code   RO         3976    i.SHT_Read_Len      myiic.o
    0x08004076   0x08004076   0x00000060   Code   RO         3978    i.SHT_Write_Len     myiic.o
    0x080040d6   0x080040d6   0x00000002   Code   RO            7    i.SVC_Handler       stm32f10x_it.o
    0x080040d8   0x080040d8   0x00000008   Code   RO          101    i.SetSysClock       system_stm32f10x.o
    0x080040e0   0x080040e0   0x000000e0   Code   RO          102    i.SetSysClockTo72   system_stm32f10x.o
    0x080041c0   0x080041c0   0x00000028   Code   RO          915    i.SysTick_CLKSourceConfig  misc.o
    0x080041e8   0x080041e8   0x00000002   Code   RO            8    i.SysTick_Handler   stm32f10x_it.o
    0x080041ea   0x080041ea   0x00000002   PAD
    0x080041ec   0x080041ec   0x00000060   Code   RO          104    i.SystemInit        system_stm32f10x.o
    0x0800424c   0x0800424c   0x00000064   Code   RO          137    i.TIM2_IRQHandler   main.o
    0x080042b0   0x080042b0   0x00000006   Code   RO         3151    i.TIM_ClearFlag     stm32f10x_tim.o
    0x080042b6   0x080042b6   0x00000006   Code   RO         3152    i.TIM_ClearITPendingBit  stm32f10x_tim.o
    0x080042bc   0x080042bc   0x00000018   Code   RO         3157    i.TIM_Cmd           stm32f10x_tim.o
    0x080042d4   0x080042d4   0x00000022   Code   RO         3178    i.TIM_GetITStatus   stm32f10x_tim.o
    0x080042f6   0x080042f6   0x00000012   Code   RO         3182    i.TIM_ITConfig      stm32f10x_tim.o
    0x08004308   0x08004308   0x0000000c   Code   RO         3184    i.TIM_InternalClockConfig  stm32f10x_tim.o
    0x08004314   0x08004314   0x000000a4   Code   RO         3228    i.TIM_TimeBaseInit  stm32f10x_tim.o
    0x080043b8   0x080043b8   0x0000007e   Code   RO          881    i.Timer_Init        timer.o
    0x08004436   0x08004436   0x00000002   PAD
    0x08004438   0x08004438   0x00000078   Code   RO          484    i.USART1_IRQHandler  usart_1.o
    0x080044b0   0x080044b0   0x00000018   Code   RO         3693    i.USART_Cmd         stm32f10x_usart.o
    0x080044c8   0x080044c8   0x0000001a   Code   RO         3696    i.USART_GetFlagStatus  stm32f10x_usart.o
    0x080044e2   0x080044e2   0x00000054   Code   RO         3697    i.USART_GetITStatus  stm32f10x_usart.o
    0x08004536   0x08004536   0x0000004a   Code   RO         3699    i.USART_ITConfig    stm32f10x_usart.o
    0x08004580   0x08004580   0x000000d8   Code   RO         3700    i.USART_Init        stm32f10x_usart.o
    0x08004658   0x08004658   0x0000000a   Code   RO         3707    i.USART_ReceiveData  stm32f10x_usart.o
    0x08004662   0x08004662   0x00000008   Code   RO         3710    i.USART_SendData    stm32f10x_usart.o
    0x0800466a   0x0800466a   0x00000004   Code   RO            9    i.UsageFault_Handler  stm32f10x_it.o
    0x0800466e   0x0800466e   0x00000002   PAD
    0x08004670   0x08004670   0x000000b4   Code   RO          485    i.Usart1_Init       usart_1.o
    0x08004724   0x08004724   0x00000028   Code   RO         4393    i.__ARM_fpclassify  m_ws.l(fpclassify.o)
    0x0800474c   0x0800474c   0x0000000e   Code   RO         4492    i.__mathlib_dbl_overflow  m_ws.l(dunder.o)
    0x0800475a   0x0800475a   0x00000002   PAD
    0x0800475c   0x0800475c   0x00000010   Code   RO         4494    i.__mathlib_dbl_underflow  m_ws.l(dunder.o)
    0x0800476c   0x0800476c   0x00000010   Code   RO         4395    i.__mathlib_narrow  m_ws.l(narrow.o)
    0x0800477c   0x0800477c   0x000000bc   Code   RO         4396    i.__mathlib_tofloat  m_ws.l(narrow.o)
    0x08004838   0x08004838   0x00000016   Code   RO         4460    i.__support_ldexp   m_ws.l(ldexp.o)
    0x0800484e   0x0800484e   0x0000000e   Code   RO         4114    i._is_digit         c_w.l(__printf_wp.o)
    0x0800485c   0x0800485c   0x00000004   Code   RO          488    i._sys_exit         usart_1.o
    0x08004860   0x08004860   0x000000c4   Code   RO          679    i.at_proc           consoled.o
    0x08004924   0x08004924   0x00000088   Code   RO          680    i.debug_cmd_proc    consoled.o
    0x080049ac   0x080049ac   0x00000014   Code   RO          490    i.debug_read        usart_1.o
    0x080049c0   0x080049c0   0x00000044   Code   RO         3926    i.delay_init        delay.o
    0x08004a04   0x08004a04   0x0000004c   Code   RO         3927    i.delay_ms          delay.o
    0x08004a50   0x08004a50   0x0000004c   Code   RO         3928    i.delay_us          delay.o
    0x08004a9c   0x08004a9c   0x00000002   Code   RO          138    i.every_hour_task   main.o
    0x08004a9e   0x08004a9e   0x00000002   PAD
    0x08004aa0   0x08004aa0   0x0000000c   Code   RO          139    i.every_minute_task  main.o
    0x08004aac   0x08004aac   0x00000050   Code   RO          140    i.every_second_task  main.o
    0x08004afc   0x08004afc   0x00000024   Code   RO          491    i.fputc             usart_1.o
    0x08004b20   0x08004b20   0x00000058   Code   RO         4437    i.frexp             m_ws.l(frexp.o)
    0x08004b78   0x08004b78   0x0000002c   Code   RO          264    i.get_weather_description  weather_codes.o
    0x08004ba4   0x08004ba4   0x0000004c   Code   RO          681    i.help_proc         consoled.o
    0x08004bf0   0x08004bf0   0x00000074   Code   RO         4461    i.ldexp             m_ws.l(ldexp.o)
    0x08004c64   0x08004c64   0x00000084   Code   RO          682    i.led_proc          consoled.o
    0x08004ce8   0x08004ce8   0x00000080   Code   RO          141    i.main              main.o
    0x08004d68   0x08004d68   0x0000005c   Code   RO          683    i.pid_proc          consoled.o
    0x08004dc4   0x08004dc4   0x00000040   Code   RO          142    i.scheduler         main.o
    0x08004e04   0x08004e04   0x000002e0   Code   RO          684    i.set_proc          consoled.o
    0x080050e4   0x080050e4   0x00000148   Code   RO          685    i.showall_proc      consoled.o
    0x0800522c   0x0800522c   0x0000000c   Code   RO          686    i.skip              consoled.o
    0x08005238   0x08005238   0x00000040   Code   RO          492    i.uart_buf_get      usart_1.o
    0x08005278   0x08005278   0x00000028   Code   RO          493    i.uart_buf_put      usart_1.o
    0x080052a0   0x080052a0   0x0000002c   Code   RO         4220    locale$$code        c_w.l(lc_time_c.o)
    0x080052cc   0x080052cc   0x0000002c   Code   RO         4325    locale$$code        c_w.l(lc_numeric_c.o)
    0x080052f8   0x080052f8   0x0000002c   Code   RO         4445    locale$$code        c_w.l(lc_ctype_c.o)
    0x08005324   0x08005324   0x00000062   Code   RO         4428    x$fpl$d2f           fz_ws.l(d2f.o)
    0x08005386   0x08005386   0x00000002   PAD
    0x08005388   0x08005388   0x00000010   Code   RO         4486    x$fpl$dcheck1       fz_ws.l(dcheck1.o)
    0x08005398   0x08005398   0x00000018   Code   RO         4451    x$fpl$dcmpinf       fz_ws.l(dcmpi.o)
    0x080053b0   0x080053b0   0x00000078   Code   RO         4430    x$fpl$deqf          fz_ws.l(deqf.o)
    0x08005428   0x08005428   0x00000078   Code   RO         4453    x$fpl$dleqf         fz_ws.l(dleqf.o)
    0x080054a0   0x080054a0   0x0000009c   Code   RO         4455    x$fpl$dnaninf       fz_ws.l(dnaninf.o)
    0x0800553c   0x0800553c   0x0000000c   Code   RO         4224    x$fpl$dretinf       fz_ws.l(dretinf.o)
    0x08005548   0x08005548   0x0000006c   Code   RO         4432    x$fpl$drleqf        fz_ws.l(drleqf.o)
    0x080055b4   0x080055b4   0x00000056   Code   RO         4160    x$fpl$f2d           fz_ws.l(f2d.o)
    0x0800560a   0x0800560a   0x00000002   PAD
    0x0800560c   0x0800560c   0x000000c4   Code   RO         4162    x$fpl$fadd          fz_ws.l(faddsub_clz.o)
    0x080056d0   0x080056d0   0x00000184   Code   RO         4169    x$fpl$fdiv          fz_ws.l(fdiv.o)
    0x08005854   0x08005854   0x00000026   Code   RO         4176    x$fpl$ffltu         fz_ws.l(fflt_clz.o)
    0x0800587a   0x0800587a   0x00000002   PAD
    0x0800587c   0x0800587c   0x00000102   Code   RO         4182    x$fpl$fmul          fz_ws.l(fmul.o)
    0x0800597e   0x0800597e   0x0000008c   Code   RO         4226    x$fpl$fnaninf       fz_ws.l(fnaninf.o)
    0x08005a0a   0x08005a0a   0x0000000a   Code   RO         4228    x$fpl$fretinf       fz_ws.l(fretinf.o)
    0x08005a14   0x08005a14   0x000000ea   Code   RO         4164    x$fpl$fsub          fz_ws.l(faddsub_clz.o)
    0x08005afe   0x08005afe   0x00000006   Code   RO         4379    x$fpl$ieeestatus    fz_ws.l(istatus.o)
    0x08005b04   0x08005b04   0x00000004   Code   RO         4184    x$fpl$printf1       fz_ws.l(printf1.o)
    0x08005b08   0x08005b08   0x00000004   Code   RO         4381    x$fpl$printf2       fz_ws.l(printf2.o)
    0x08005b0c   0x08005b0c   0x00000064   Code   RO         4525    x$fpl$retnan        fz_ws.l(retnan.o)
    0x08005b70   0x08005b70   0x0000005c   Code   RO         4457    x$fpl$scalbn        fz_ws.l(scalbn.o)
    0x08005bcc   0x08005bcc   0x00000004   Code   RO         4186    x$fpl$scanf1        fz_ws.l(scanf1.o)
    0x08005bd0   0x08005bd0   0x00000008   Code   RO         4387    x$fpl$scanf2        fz_ws.l(scanf2.o)
    0x08005bd8   0x08005bd8   0x00000030   Code   RO         4547    x$fpl$trapveneer    fz_ws.l(trapv.o)
    0x08005c08   0x08005c08   0x00000000   Code   RO         4230    x$fpl$usenofp       fz_ws.l(usenofp.o)
    0x08005c08   0x08005c08   0x00000de8   Data   RO          771    .constdata          oled.o
    0x080069f0   0x080069f0   0x00000028   Data   RO         4102    .constdata          c_w.l(_printf_hex_int_ll_ptr.o)
    0x08006a18   0x08006a18   0x00000011   Data   RO         4122    .constdata          c_w.l(__printf_flags_ss_wp.o)
    0x08006a29   0x08006a29   0x00000003   PAD
    0x08006a2c   0x08006a2c   0x00000008   Data   RO         4267    .constdata          c_w.l(_printf_wctomb.o)
    0x08006a34   0x08006a34   0x00000094   Data   RO         4296    .constdata          c_w.l(bigflt0.o)
    0x08006ac8   0x08006ac8   0x0000000c   Data   RO         4329    .constdata          c_w.l(_monlen.o)
    0x08006ad4   0x08006ad4   0x00000026   Data   RO         4408    .constdata          c_w.l(_printf_fp_hex.o)
    0x08006afa   0x08006afa   0x00000002   PAD
    0x08006afc   0x08006afc   0x00000269   Data   RO          265    .conststring        weather_codes.o
    0x08006d65   0x08006d65   0x00000003   PAD
    0x08006d68   0x08006d68   0x00000018   Data   RO          688    .conststring        consoled.o
    0x08006d80   0x08006d80   0x00000020   Data   RO         4567    Region$$Table       anon$$obj.o
    0x08006da0   0x08006da0   0x00000008   Data   RO         4375    c$$dinf             fz_ws.l(fpconst.o)
    0x08006da8   0x08006da8   0x00000008   Data   RO         4378    c$$dmax             fz_ws.l(fpconst.o)
    0x08006db0   0x08006db0   0x00000180   Data   RO         4219    locale$$data        c_w.l(lc_time_c.o)
    0x08006f30   0x08006f30   0x0000001c   Data   RO         4324    locale$$data        c_w.l(lc_numeric_c.o)
    0x08006f4c   0x08006f4c   0x00000110   Data   RO         4444    locale$$data        c_w.l(lc_ctype_c.o)


    Execution Region RW_IRAM1 (Exec base: 0x20000000, Load base: 0x0800705c, Size: 0x00000aa0, Max: 0x00005000, ABSOLUTE, COMPRESSED[0x0000011c])

    Exec Addr    Load Addr    Size         Type   Attr      Idx    E Section Name        Object

    0x20000000   COMPRESSED   0x00000014   Data   RW          105    .data               system_stm32f10x.o
    0x20000014   COMPRESSED   0x00000010   Data   RW          144    .data               main.o
    0x20000024   COMPRESSED   0x00000110   Data   RW          266    .data               weather_codes.o
    0x20000134   COMPRESSED   0x00000008   Data   RW          495    .data               usart_1.o
    0x2000013c   COMPRESSED   0x00000039   Data   RW          689    .data               consoled.o
    0x20000175   COMPRESSED   0x00000014   Data   RW         2547    .data               stm32f10x_rcc.o
    0x20000189   COMPRESSED   0x00000001   PAD
    0x2000018a   COMPRESSED   0x00000004   Data   RW         3929    .data               delay.o
    0x2000018e   COMPRESSED   0x00000002   PAD
    0x20000190        -       0x0000003c   Zero   RW          143    .bss                main.o
    0x200001cc        -       0x00000208   Zero   RW          494    .bss                usart_1.o
    0x200003d4        -       0x00000040   Zero   RW          687    .bss                consoled.o
    0x20000414        -       0x0000002c   Zero   RW         4152    .bss                c_w.l(localtime.o)
    0x20000440        -       0x00000060   Zero   RW         4232    .bss                c_w.l(libspace.o)
    0x200004a0        -       0x00000200   Zero   RW          905    HEAP                startup_stm32f10x_md.o
    0x200006a0        -       0x00000400   Zero   RW          904    STACK               startup_stm32f10x_md.o


==============================================================================

Image component sizes


      Code (inc. data)   RO Data    RW Data    ZI Data      Debug   Object Name

      1708        710         24         57         64       6154   consoled.o
         0          0          0          0          0         32   core_cm3.o
       220         26          0          4          0       1707   delay.o
        68         10          0          0          0     203875   led.o
       466        120          0         16         60     224069   main.o
       172         22          0          0          0       2045   misc.o
      1322        198          0          0          0       8051   myiic.o
      1242         78       3560          0          0       9631   oled.o
        64         26        236          0       1536        804   startup_stm32f10x_md.o
       436          6          0          0          0       3901   stm32f10x_gpio.o
        26          0          0          0          0      51698   stm32f10x_it.o
       276         32          0         20          0       4426   stm32f10x_rcc.o
       264         42          0          0          0       4576   stm32f10x_tim.o
       442          6          0          0          0       6149   stm32f10x_usart.o
       328         28          0         20          0       2077   system_stm32f10x.o
       126          0          0          0          0        573   timer.o
       464         46          0          8        520       6445   usart_1.o
        44         20        617        272          0        634   weather_codes.o

    ----------------------------------------------------------------------
      7688       1370       4472        400       2180     536847   Object Totals
         0          0         32          0          0          0   (incl. Generated)
        20          0          3          3          0          0   (incl. Padding)

    ----------------------------------------------------------------------

      Code (inc. data)   RO Data    RW Data    ZI Data      Debug   Library Member Name

        60          8          0          0          0         84   __0sscanf.o
        24          4          0          0          0         84   __2printf.o
        44          6          0          0          0         84   __2sprintf.o
        90          0          0          0          0          0   __dczerorl2.o
         8          0          0          0          0         68   __main.o
       392          4         17          0          0         92   __printf_flags_ss_wp.o
        14          0          0          0          0         68   __printf_wp.o
         0          0          0          0          0          0   __rtentry.o
        12          0          0          0          0          0   __rtentry2.o
         6          0          0          0          0          0   __rtentry4.o
        52          8          0          0          0          0   __scatter.o
        28          0          0          0          0          0   __scatter_zi.o
        28          0          0          0          0         68   _chval.o
         0          0         12          0          0          0   _monlen.o
         6          0          0          0          0          0   _printf_a.o
         6          0          0          0          0          0   _printf_c.o
        44          0          0          0          0        108   _printf_char.o
        48          6          0          0          0         96   _printf_char_common.o
        36          4          0          0          0         80   _printf_char_file.o
        40          0          0          0          0         68   _printf_charcount.o
         6          0          0          0          0          0   _printf_d.o
       120         16          0          0          0         92   _printf_dec.o
         6          0          0          0          0          0   _printf_e.o
         6          0          0          0          0          0   _printf_f.o
      1054          0          0          0          0        216   _printf_fp_dec.o
       764          8         38          0          0        100   _printf_fp_hex.o
       128         16          0          0          0         84   _printf_fp_infnan.o
         6          0          0          0          0          0   _printf_g.o
       148          4         40          0          0        160   _printf_hex_int_ll_ptr.o
         6          0          0          0          0          0   _printf_i.o
       178          0          0          0          0         88   _printf_intcommon.o
        10          0          0          0          0          0   _printf_l.o
         6          0          0          0          0          0   _printf_lc.o
        10          0          0          0          0          0   _printf_ll.o
         6          0          0          0          0          0   _printf_lld.o
         6          0          0          0          0          0   _printf_lli.o
         6          0          0          0          0          0   _printf_llo.o
         6          0          0          0          0          0   _printf_llu.o
         6          0          0          0          0          0   _printf_llx.o
       124         16          0          0          0         92   _printf_longlong_dec.o
         6          0          0          0          0          0   _printf_ls.o
         6          0          0          0          0          0   _printf_n.o
         6          0          0          0          0          0   _printf_o.o
       112         10          0          0          0        124   _printf_oct_int_ll.o
         6          0          0          0          0          0   _printf_p.o
        78          0          0          0          0        108   _printf_pad.o
         0          0          0          0          0          0   _printf_percent.o
         4          0          0          0          0          0   _printf_percent_end.o
         6          0          0          0          0          0   _printf_s.o
        82          0          0          0          0         80   _printf_str.o
        36          0          0          0          0         84   _printf_truncate.o
         6          0          0          0          0          0   _printf_u.o
        44          0          0          0          0        108   _printf_wchar.o
       188          6          8          0          0         92   _printf_wctomb.o
         6          0          0          0          0          0   _printf_x.o
        22          0          0          0          0        100   _rserrno.o
       884          6          0          0          0        100   _scanf.o
       332          0          0          0          0         96   _scanf_int.o
       224          0          0          0          0         96   _scanf_str.o
        64          0          0          0          0         84   _sgetc.o
        10          0          0          0          0         68   _sputc.o
        64          0          0          0          0         92   _wcrtomb.o
       228          4        148          0          0         96   bigflt0.o
      2152        136          0          0          0        960   btod.o
        18          0          0          0          0         80   exit.o
         8          0          0          0          0         68   ferror.o
         6          0          0          0          0        152   heapauxi.o
        18          0          0          0          0         76   isspace.o
        44         10        272          0          0         76   lc_ctype_c.o
        44         10         28          0          0         76   lc_numeric_c.o
        44         10        384          0          0         76   lc_time_c.o
         2          0          0          0          0          0   libinit.o
        40          0          0          0          0          0   libinit2.o
         2          0          0          0          0          0   libshutdown.o
         2          0          0          0          0          0   libshutdown2.o
         8          4          0          0         96         68   libspace.o
        38          0          0          0          0         68   llshl.o
       138          0          0          0          0         80   lludiv10.o
        12          6          0          0         44         68   localtime.o
       184          6          0          0          0         80   localtime_internal.o
        16          4          0          0          0         76   rt_ctype_table.o
         8          4          0          0          0         68   rt_errno_addr_intlibspace.o
         8          4          0          0          0         68   rt_locale_intlibspace.o
        68          0          0          0          0         68   rt_memclr.o
        78          0          0          0          0         80   rt_memclr_w.o
         2          0          0          0          0          0   rtexit.o
        10          0          0          0          0          0   rtexit2.o
        44          8          0          0          0         84   scanf_char.o
      1272         16          0          0          0        168   scanf_fp.o
       800         14          0          0          0        100   scanf_hexfp.o
       308         16          0          0          0        100   scanf_infnan.o
        44          6          0          0          0         84   sprintf.o
       128          0          0          0          0         68   strcmpv7m.o
        72          0          0          0          0         80   strcpy.o
       864        122          0          0          0        184   strftime.o
        62          0          0          0          0         76   strlen.o
       150          0          0          0          0         80   strncmp.o
        86          0          0          0          0         76   strncpy.o
        36          0          0          0          0         80   strstr.o
        74          0          0          0          0         80   sys_stackheap_outer.o
         2          0          0          0          0         68   use_no_semi.o
         2          0          0          0          0         68   use_no_semi_2.o
        98          4          0          0          0         92   d2f.o
        16          4          0          0          0         68   dcheck1.o
        24          0          0          0          0         68   dcmpi.o
       120          4          0          0          0         92   deqf.o
       120          4          0          0          0         92   dleqf.o
       156          4          0          0          0         92   dnaninf.o
        12          0          0          0          0         68   dretinf.o
       108          0          0          0          0         80   drleqf.o
        86          4          0          0          0         84   f2d.o
       430          8          0          0          0        168   faddsub_clz.o
       388         76          0          0          0         96   fdiv.o
        38          0          0          0          0         68   fflt_clz.o
       258          4          0          0          0         84   fmul.o
       140          4          0          0          0         84   fnaninf.o
         0          0         16          0          0          0   fpconst.o
        10          0          0          0          0         68   fretinf.o
         6          0          0          0          0         68   istatus.o
         4          0          0          0          0         68   printf1.o
         4          0          0          0          0         68   printf2.o
       100          0          0          0          0         68   retnan.o
        92          0          0          0          0         68   scalbn.o
         4          0          0          0          0         68   scanf1.o
         8          0          0          0          0         84   scanf2.o
        48          0          0          0          0         68   trapv.o
         0          0          0          0          0          0   usenofp.o
        30          6          0          0          0        136   dunder.o
        40          0          0          0          0         68   fpclassify.o
        88          8          0          0          0         76   frexp.o
       138          0          0          0          0        160   ldexp.o
       204          4          0          0          0        168   narrow.o

    ----------------------------------------------------------------------
     15636        636        968          0        140       9216   Library Totals
        18          0          5          0          0          0   (incl. Padding)

    ----------------------------------------------------------------------

      Code (inc. data)   RO Data    RW Data    ZI Data      Debug   Library Name

     12848        502        947          0        140       6744   c_w.l
      2270        116         16          0          0       1864   fz_ws.l
       500         18          0          0          0        608   m_ws.l

    ----------------------------------------------------------------------
     15636        636        968          0        140       9216   Library Totals

    ----------------------------------------------------------------------

==============================================================================


      Code (inc. data)   RO Data    RW Data    ZI Data      Debug   

     23324       2006       5440        400       2320     536179   Grand Totals
     23324       2006       5440        284       2320     536179   ELF Image Totals (compressed)
     23324       2006       5440        284          0          0   ROM Totals

==============================================================================

    Total RO  Size (Code + RO Data)                28764 (  28.09kB)
    Total RW  Size (RW Data + ZI Data)              2720 (   2.66kB)
    Total ROM Size (Code + RO Data + RW Data)      29048 (  28.37kB)

==============================================================================

